../App/Src/main.c:162:5:main	48	static,ignoring_inline_asm
../App/Src/main.c:292:6:int_Hardware	16	static
../App/Src/main.c:602:6:int_MCO2	8	static
../App/Src/main.c:611:6:int_MPU	8	static
../App/Src/main.c:628:6:int_Config_Motor	4	static
../App/Src/main.c:685:6:BasicTimer2_Callback	8	static
../App/Src/main.c:692:6:BasicUSART1_Callback	8	static
../App/Src/main.c:702:6:BasicTimer3_Callback	16	static
../App/Src/main.c:744:6:callback_extInt1	4	static
../App/Src/main.c:749:6:callback_extInt3	4	static
../App/Src/main.c:761:6:recepcionCommand	4	static
../App/Src/main.c:785:6:runCommand	112	static
../App/Src/main.c:877:6:straight_line	16	static
../App/Src/main.c:898:6:turn_itself	16	static
../App/Src/main.c:925:6:config_mode	16	static
../App/Src/main.c:959:6:PID_simple	32	static
../App/Src/main.c:972:6:correction	24	static,ignoring_inline_asm
../App/Src/main.c:994:6:status_motor	16	static
../App/Src/main.c:1025:6:config_motor	24	static
