../App/Src/main.c:160:5:main	48	static,ignoring_inline_asm
../App/Src/main.c:285:6:int_Hardware	16	static
../App/Src/main.c:595:6:int_MCO2	8	static
../App/Src/main.c:604:6:int_MPU	8	static
../App/Src/main.c:621:6:int_Config_Motor	4	static
../App/Src/main.c:678:6:BasicTimer2_Callback	8	static
../App/Src/main.c:685:6:BasicUSART1_Callback	8	static
../App/Src/main.c:695:6:BasicTimer3_Callback	16	static
../App/Src/main.c:737:6:callback_extInt1	4	static
../App/Src/main.c:742:6:callback_extInt3	4	static
../App/Src/main.c:754:6:recepcionCommand	4	static
../App/Src/main.c:778:6:runCommand	112	static
../App/Src/main.c:850:6:straight_line	16	static
../App/Src/main.c:871:6:turn_itself	16	static
../App/Src/main.c:898:6:config_mode	16	static
../App/Src/main.c:931:6:PID_simple	32	static
../App/Src/main.c:944:6:correction	24	static,ignoring_inline_asm
../App/Src/main.c:962:6:status_motor	16	static
../App/Src/main.c:993:6:config_motor	24	static
