../App/Src/main.c:145:5:main	16	static,ignoring_inline_asm
../App/Src/main.c:195:6:int_Hardware	16	static
../App/Src/main.c:463:6:int_MCO2	8	static
../App/Src/main.c:473:6:int_Config_Motor	16	static
../App/Src/main.c:531:6:BasicTimer2_Callback	8	static
../App/Src/main.c:538:6:BasicTimer3_Callback	144	static
../App/Src/main.c:674:6:BasicUSART1_Callback	8	static
../App/Src/main.c:685:6:callback_extInt1	8	static
../App/Src/main.c:708:6:callback_extInt3	8	static
../App/Src/main.c:736:6:recepcionCommand	4	static
../App/Src/main.c:760:6:runCommand	128	static
../App/Src/main.c:917:6:PID	40	static
../App/Src/main.c:933:6:correction	24	static,ignoring_inline_asm
../App/Src/main.c:959:6:status_motor	16	static
../App/Src/main.c:996:6:config_motor	32	static
../App/Src/main.c:1020:6:constains_calculator	64	static
../App/Src/main.c:1032:6:inverseMatrix	64	static
