../App/Src/main.c:173:5:main	64	static,ignoring_inline_asm
../App/Src/main.c:361:6:int_Hardware	16	static
../App/Src/main.c:671:6:int_MCO2	8	static
../App/Src/main.c:680:6:int_MPU	8	static
../App/Src/main.c:697:6:int_Config_Motor	4	static
../App/Src/main.c:754:6:BasicTimer2_Callback	8	static
../App/Src/main.c:761:6:BasicUSART1_Callback	8	static
../App/Src/main.c:772:6:BasicTimer3_Callback	16	static,ignoring_inline_asm
../App/Src/main.c:846:6:callback_extInt1	4	static
../App/Src/main.c:851:6:callback_extInt3	4	static
../App/Src/main.c:863:6:recepcionCommand	4	static
../App/Src/main.c:887:6:runCommand	120	static
../App/Src/main.c:1004:6:recepcion_Sring_Parameter_Grid_Map	16	static,ignoring_inline_asm
../App/Src/main.c:1027:6:Separate_parameters	48	static
../App/Src/main.c:1131:6:send_path	64	static
../App/Src/main.c:1180:6:straight_line	16	static
../App/Src/main.c:1215:6:turn_itself	16	static
../App/Src/main.c:1241:6:config_mode	24	static
../App/Src/main.c:1251:6:init_coordinates	4	static
../App/Src/main.c:1271:6:set_operation_square	168	static
../App/Src/main.c:1294:6:set_operation_AStar	80	static
../App/Src/main.c:1326:6:PID_simple	32	static
../App/Src/main.c:1339:6:correction	24	static,ignoring_inline_asm
../App/Src/main.c:1355:6:status_motor	16	static
../App/Src/main.c:1387:6:config_motor	24	static
