../App/Src/main.c:174:5:main	64	static,ignoring_inline_asm
../App/Src/main.c:363:6:int_Hardware	16	static
../App/Src/main.c:673:6:int_MCO2	8	static
../App/Src/main.c:682:6:int_MPU	8	static
../App/Src/main.c:699:6:int_Config_Motor	4	static
../App/Src/main.c:756:6:BasicTimer2_Callback	8	static
../App/Src/main.c:763:6:BasicUSART2_Callback	8	static
../App/Src/main.c:774:6:BasicTimer3_Callback	16	static,ignoring_inline_asm
../App/Src/main.c:848:6:callback_extInt1	4	static
../App/Src/main.c:853:6:callback_extInt3	4	static
../App/Src/main.c:865:6:recepcionCommand	4	static
../App/Src/main.c:889:6:runCommand	120	static
../App/Src/main.c:1006:6:recepcion_Sring_Parameter_Grid_Map	16	static,ignoring_inline_asm
../App/Src/main.c:1029:6:Separate_parameters	48	static
../App/Src/main.c:1133:6:send_path	64	static
../App/Src/main.c:1182:6:straight_line	16	static
../App/Src/main.c:1217:6:turn_itself	16	static
../App/Src/main.c:1243:6:config_mode	24	static
../App/Src/main.c:1253:6:init_coordinates	4	static
../App/Src/main.c:1273:6:set_operation_square	168	static
../App/Src/main.c:1299:6:set_operation_AStar	88	static
../App/Src/main.c:1340:6:PID_simple	32	static
../App/Src/main.c:1353:6:correction	24	static,ignoring_inline_asm
../App/Src/main.c:1369:6:status_motor	16	static
../App/Src/main.c:1400:6:config_motor	24	static
