../App/Src/main.c:125:5:main	32	static,ignoring_inline_asm
../App/Src/main.c:196:6:int_Hardware	16	static
../App/Src/main.c:464:6:int_MCO2	8	static
../App/Src/main.c:474:6:int_Config_Motor	16	static
../App/Src/main.c:518:6:BasicTimer2_Callback	8	static
../App/Src/main.c:525:6:BasicTimer3_Callback	56	static
../App/Src/main.c:575:6:BasicUSART1_Callback	8	static
../App/Src/main.c:586:6:callback_extInt1	8	static
../App/Src/main.c:609:6:callback_extInt3	8	static
../App/Src/main.c:637:6:recepcionCommand	4	static
../App/Src/main.c:661:6:runCommand	128	static
../App/Src/main.c:800:6:PID	32	static
../App/Src/main.c:816:6:correction	40	static,ignoring_inline_asm
../App/Src/main.c:858:6:status_motor	16	static
../App/Src/main.c:895:6:config_motor	32	static
../App/Src/main.c:919:6:constains_calculator	64	static
