Archive member included to satisfy reference by file (symbol)

B:\Documentos\Universidad-Materias\Fundamentos de Robotica\Robotic\WorkSpaces/PeripheralDrivers/Debug\libPeripheralDrivers.a(AdcDriver.o)
                              ./App/Src/main.o (adc_Config)
B:\Documentos\Universidad-Materias\Fundamentos de Robotica\Robotic\WorkSpaces/PeripheralDrivers/Debug\libPeripheralDrivers.a(BasicTimer.o)
                              ./App/Src/main.o (BasicTimer_Config)
B:\Documentos\Universidad-Materias\Fundamentos de Robotica\Robotic\WorkSpaces/PeripheralDrivers/Debug\libPeripheralDrivers.a(ExtiDriver.o)
                              ./App/Src/main.o (extInt_Config)
B:\Documentos\Universidad-Materias\Fundamentos de Robotica\Robotic\WorkSpaces/PeripheralDrivers/Debug\libPeripheralDrivers.a(GPIOxDriver.o)
                              ./App/Src/main.o (GPIO_PIN_Config)
B:\Documentos\Universidad-Materias\Fundamentos de Robotica\Robotic\WorkSpaces/PeripheralDrivers/Debug\libPeripheralDrivers.a(I2CDriver.o)
                              ./App/Src/main.o (i2c_Config)
B:\Documentos\Universidad-Materias\Fundamentos de Robotica\Robotic\WorkSpaces/PeripheralDrivers/Debug\libPeripheralDrivers.a(PLLDriver.o)
                              B:\Documentos\Universidad-Materias\Fundamentos de Robotica\Robotic\WorkSpaces/PeripheralDrivers/Debug\libPeripheralDrivers.a(AdcDriver.o) (getConfigPLL)
B:\Documentos\Universidad-Materias\Fundamentos de Robotica\Robotic\WorkSpaces/PeripheralDrivers/Debug\libPeripheralDrivers.a(PwmDriver.o)
                              ./App/Src/main.o (pwm_Config)
B:\Documentos\Universidad-Materias\Fundamentos de Robotica\Robotic\WorkSpaces/PeripheralDrivers/Debug\libPeripheralDrivers.a(SysTickDriver.o)
                              ./App/Src/main.o (config_SysTick_ms)
B:\Documentos\Universidad-Materias\Fundamentos de Robotica\Robotic\WorkSpaces/PeripheralDrivers/Debug\libPeripheralDrivers.a(USARTxDriver.o)
                              ./App/Src/main.o (USART_Config)
c:/st/stm32cubeide_1.10.1/stm32cubeide/plugins/com.st.stm32cube.ide.mcu.externaltools.gnu-tools-for-stm32.10.3-2021.10.win32_1.0.0.202111181127/tools/bin/../lib/gcc/arm-none-eabi/10.3.1/../../../../arm-none-eabi/lib/thumb/v7e-m+fp/hard\libc_nano.a(lib_a-errno.o)
                              ./Core/syscalls.o (__errno)
c:/st/stm32cubeide_1.10.1/stm32cubeide/plugins/com.st.stm32cube.ide.mcu.externaltools.gnu-tools-for-stm32.10.3-2021.10.win32_1.0.0.202111181127/tools/bin/../lib/gcc/arm-none-eabi/10.3.1/../../../../arm-none-eabi/lib/thumb/v7e-m+fp/hard\libc_nano.a(lib_a-exit.o)
                              c:/st/stm32cubeide_1.10.1/stm32cubeide/plugins/com.st.stm32cube.ide.mcu.externaltools.gnu-tools-for-stm32.10.3-2021.10.win32_1.0.0.202111181127/tools/bin/../lib/gcc/arm-none-eabi/10.3.1/../../../../arm-none-eabi/lib/thumb/v7e-m+fp/hard/crt0.o (exit)
c:/st/stm32cubeide_1.10.1/stm32cubeide/plugins/com.st.stm32cube.ide.mcu.externaltools.gnu-tools-for-stm32.10.3-2021.10.win32_1.0.0.202111181127/tools/bin/../lib/gcc/arm-none-eabi/10.3.1/../../../../arm-none-eabi/lib/thumb/v7e-m+fp/hard\libc_nano.a(lib_a-impure.o)
                              c:/st/stm32cubeide_1.10.1/stm32cubeide/plugins/com.st.stm32cube.ide.mcu.externaltools.gnu-tools-for-stm32.10.3-2021.10.win32_1.0.0.202111181127/tools/bin/../lib/gcc/arm-none-eabi/10.3.1/../../../../arm-none-eabi/lib/thumb/v7e-m+fp/hard\libc_nano.a(lib_a-exit.o) (_global_impure_ptr)
c:/st/stm32cubeide_1.10.1/stm32cubeide/plugins/com.st.stm32cube.ide.mcu.externaltools.gnu-tools-for-stm32.10.3-2021.10.win32_1.0.0.202111181127/tools/bin/../lib/gcc/arm-none-eabi/10.3.1/../../../../arm-none-eabi/lib/thumb/v7e-m+fp/hard\libc_nano.a(lib_a-init.o)
                              c:/st/stm32cubeide_1.10.1/stm32cubeide/plugins/com.st.stm32cube.ide.mcu.externaltools.gnu-tools-for-stm32.10.3-2021.10.win32_1.0.0.202111181127/tools/bin/../lib/gcc/arm-none-eabi/10.3.1/../../../../arm-none-eabi/lib/thumb/v7e-m+fp/hard/crt0.o (__libc_init_array)
c:/st/stm32cubeide_1.10.1/stm32cubeide/plugins/com.st.stm32cube.ide.mcu.externaltools.gnu-tools-for-stm32.10.3-2021.10.win32_1.0.0.202111181127/tools/bin/../lib/gcc/arm-none-eabi/10.3.1/../../../../arm-none-eabi/lib/thumb/v7e-m+fp/hard\libc_nano.a(lib_a-memset.o)
                              c:/st/stm32cubeide_1.10.1/stm32cubeide/plugins/com.st.stm32cube.ide.mcu.externaltools.gnu-tools-for-stm32.10.3-2021.10.win32_1.0.0.202111181127/tools/bin/../lib/gcc/arm-none-eabi/10.3.1/../../../../arm-none-eabi/lib/thumb/v7e-m+fp/hard/crt0.o (memset)
c:/st/stm32cubeide_1.10.1/stm32cubeide/plugins/com.st.stm32cube.ide.mcu.externaltools.gnu-tools-for-stm32.10.3-2021.10.win32_1.0.0.202111181127/tools/bin/../lib/gcc/arm-none-eabi/10.3.1/../../../../arm-none-eabi/lib/thumb/v7e-m+fp/hard\libc_nano.a(lib_a-nano-vfprintf_float.o)
                              (_printf_float)
[...]
Memory Configuration

Name             Origin             Length             Attributes
RAM              0x0000000020000000 0x0000000000020000 xrw
FLASH            0x0000000008000000 0x0000000000080000 xr
*default*        0x0000000000000000 0xffffffffffffffff

Linker script and memory map

LOAD c:/st/stm32cubeide_1.10.1/stm32cubeide/plugins/com.st.stm32cube.ide.mcu.externaltools.gnu-tools-for-stm32.10.3-2021.10.win32_1.0.0.202111181127/tools/bin/../lib/gcc/arm-none-eabi/10.3.1/thumb/v7e-m+fp/hard/crti.o
LOAD c:/st/stm32cubeide_1.10.1/stm32cubeide/plugins/com.st.stm32cube.ide.mcu.externaltools.gnu-tools-for-stm32.10.3-2021.10.win32_1.0.0.202111181127/tools/bin/../lib/gcc/arm-none-eabi/10.3.1/thumb/v7e-m+fp/hard/crtbegin.o
LOAD c:/st/stm32cubeide_1.10.1/stm32cubeide/plugins/com.st.stm32cube.ide.mcu.externaltools.gnu-tools-for-stm32.10.3-2021.10.win32_1.0.0.202111181127/tools/bin/../lib/gcc/arm-none-eabi/10.3.1/../../../../arm-none-eabi/lib/thumb/v7e-m+fp/hard/crt0.o
LOAD ./App/Src/main.o
LOAD ./Core/Startup/startup_stm32f411retx.o
LOAD ./Core/syscalls.o
LOAD ./Core/sysmem.o
LOAD ./DSP/Source/BasicMathFunctions/arm_abs_f32.o
LOAD B:\Documentos\Universidad-Materias\Fundamentos de Robotica\Robotic\WorkSpaces/PeripheralDrivers/Debug\libPeripheralDrivers.a
START GROUP
LOAD c:/st/stm32cubeide_1.10.1/stm32cubeide/plugins/com.st.stm32cube.ide.mcu.externaltools.gnu-tools-for-stm32.10.3-2021.10.win32_1.0.0.202111181127/tools/bin/../lib/gcc/arm-none-eabi/10.3.1/../../../../arm-none-eabi/lib/thumb/v7e-m+fp/hard\libc_nano.a
LOAD c:/st/stm32cubeide_1.10.1/stm32cubeide/plugins/com.st.stm32cube.ide.mcu.externaltools.gnu-tools-for-stm32.10.3-2021.10.win32_1.0.0.202111181127/tools/bin/../lib/gcc/arm-none-eabi/10.3.1/../../../../arm-none-eabi/lib/thumb/v7e-m+fp/hard\libm.a
END GROUP
START GROUP
LOAD c:/st/stm32cubeide_1.10.1/stm32cubeide/plugins/com.st.stm32cube.ide.mcu.externaltools.gnu-tools-for-stm32.10.3-2021.10.win32_1.0.0.202111181127/tools/bin/../lib/gcc/arm-none-eabi/10.3.1/thumb/v7e-m+fp/hard\libgcc.a
LOAD c:/st/stm32cubeide_1.10.1/stm32cubeide/plugins/com.st.stm32cube.ide.mcu.externaltools.gnu-tools-for-stm32.10.3-2021.10.win32_1.0.0.202111181127/tools/bin/../lib/gcc/arm-none-eabi/10.3.1/../../../../arm-none-eabi/lib/thumb/v7e-m+fp/hard\libc_nano.a
END GROUP
START GROUP
LOAD c:/st/stm32cubeide_1.10.1/stm32cubeide/plugins/com.st.stm32cube.ide.mcu.externaltools.gnu-tools-for-stm32.10.3-2021.10.win32_1.0.0.202111181127/tools/bin/../lib/gcc/arm-none-eabi/10.3.1/thumb/v7e-m+fp/hard\libgcc.a
LOAD c:/st/stm32cubeide_1.10.1/stm32cubeide/plugins/com.st.stm32cube.ide.mcu.externaltools.gnu-tools-for-stm32.10.3-2021.10.win32_1.0.0.202111181127/tools/bin/../lib/gcc/arm-none-eabi/10.3.1/../../../../arm-none-eabi/lib/thumb/v7e-m+fp/hard\libc_nano.a
LOAD c:/st/stm32cubeide_1.10.1/stm32cubeide/plugins/com.st.stm32cube.ide.mcu.externaltools.gnu-tools-for-stm32.10.3-2021.10.win32_1.0.0.202111181127/tools/bin/../lib/gcc/arm-none-eabi/10.3.1/../../../../arm-none-eabi/lib/thumb/v7e-m+fp/hard\libnosys.a
END GROUP
START GROUP
LOAD c:/st/stm32cubeide_1.10.1/stm32cubeide/plugins/com.st.stm32cube.ide.mcu.externaltools.gnu-tools-for-stm32.10.3-2021.10.win32_1.0.0.202111181127/tools/bin/../lib/gcc/arm-none-eabi/10.3.1/thumb/v7e-m+fp/hard\libgcc.a
LOAD c:/st/stm32cubeide_1.10.1/stm32cubeide/plugins/com.st.stm32cube.ide.mcu.externaltools.gnu-tools-for-stm32.10.3-2021.10.win32_1.0.0.202111181127/tools/bin/../lib/gcc/arm-none-eabi/10.3.1/../../../../arm-none-eabi/lib/thumb/v7e-m+fp/hard\libc_nano.a
LOAD c:/st/stm32cubeide_1.10.1/stm32cubeide/plugins/com.st.stm32cube.ide.mcu.externaltools.gnu-tools-for-stm32.10.3-2021.10.win32_1.0.0.202111181127/tools/bin/../lib/gcc/arm-none-eabi/10.3.1/../../../../arm-none-eabi/lib/thumb/v7e-m+fp/hard\libnosys.a
END GROUP
LOAD c:/st/stm32cubeide_1.10.1/stm32cubeide/plugins/com.st.stm32cube.ide.mcu.externaltools.gnu-tools-for-stm32.10.3-2021.10.win32_1.0.0.202111181127/tools/bin/../lib/gcc/arm-none-eabi/10.3.1/thumb/v7e-m+fp/hard/crtend.o
LOAD c:/st/stm32cubeide_1.10.1/stm32cubeide/plugins/com.st.stm32cube.ide.mcu.externaltools.gnu-tools-for-stm32.10.3-2021.10.win32_1.0.0.202111181127/tools/bin/../lib/gcc/arm-none-eabi/10.3.1/thumb/v7e-m+fp/hard/crtn.o
                0x0000000020020000                _estack = (ORIGIN (RAM) + LENGTH (RAM))
                0x0000000000000200                _Min_Heap_Size = 0x200
                0x0000000000000400                _Min_Stack_Size = 0x400

.isr_vector     0x0000000008000000      0x198
                0x0000000008000000                . = ALIGN (0x4)
 *(.isr_vector)
 .isr_vector    0x0000000008000000      0x198 ./Core/Startup/startup_stm32f411retx.o
                0x0000000008000000                g_pfnVectors
                0x0000000008000198                . = ALIGN (0x4)

.text           0x00000000080001a0     0x8e38
                0x00000000080001a0                . = ALIGN (0x4)
 *(.text)
 .text          0x00000000080001a0       0x40 c:/st/stm32cubeide_1.10.1/stm32cubeide/plugins/com.st.stm32cube.ide.mcu.externaltools.gnu-tools-for-stm32.10.3-2021.10.win32_1.0.0.202111181127/tools/bin/../lib/gcc/arm-none-eabi/10.3.1/thumb/v7e-m+fp/hard/crtbegin.o
 .text          0x00000000080001e0       0x10 c:/st/stm32cubeide_1.10.1/stm32cubeide/plugins/com.st.stm32cube.ide.mcu.externaltools.gnu-tools-for-stm32.10.3-2021.10.win32_1.0.0.202111181127/tools/bin/../lib/gcc/arm-none-eabi/10.3.1/../../../../arm-none-eabi/lib/thumb/v7e-m+fp/hard\libc_nano.a(lib_a-strlen.o)
                0x00000000080001e0                strlen
 .text          0x00000000080001f0       0xa0 c:/st/stm32cubeide_1.10.1/stm32cubeide/plugins/com.st.stm32cube.ide.mcu.externaltools.gnu-tools-for-stm32.10.3-2021.10.win32_1.0.0.202111181127/tools/bin/../lib/gcc/arm-none-eabi/10.3.1/../../../../arm-none-eabi/lib/thumb/v7e-m+fp/hard\libc_nano.a(lib_a-memchr.o)
                0x00000000080001f0                memchr
 .text          0x0000000008000290      0x378 c:/st/stm32cubeide_1.10.1/stm32cubeide/plugins/com.st.stm32cube.ide.mcu.externaltools.gnu-tools-for-stm32.10.3-2021.10.win32_1.0.0.202111181127/tools/bin/../lib/gcc/arm-none-eabi/10.3.1/thumb/v7e-m+fp/hard\libgcc.a(_arm_addsubdf3.o)
                0x0000000008000290                __aeabi_drsub
                0x0000000008000298                __aeabi_dsub
                0x0000000008000298                __subdf3
                0x000000000800029c                __aeabi_dadd
                0x000000000800029c                __adddf3
                0x0000000008000514                __floatunsidf
                0x0000000008000514                __aeabi_ui2d
                0x0000000008000534                __floatsidf
                0x0000000008000534                __aeabi_i2d
                0x0000000008000558                __aeabi_f2d
                0x0000000008000558                __extendsfdf2
                0x000000000800059c                __floatundidf
                0x000000000800059c                __aeabi_ul2d
                0x00000000080005ac                __floatdidf
                0x00000000080005ac                __aeabi_l2d
 .text          0x0000000008000608      0x424 c:/st/stm32cubeide_1.10.1/stm32cubeide/plugins/com.st.stm32cube.ide.mcu.externaltools.gnu-tools-for-stm32.10.3-2021.10.win32_1.0.0.202111181127/tools/bin/../lib/gcc/arm-none-eabi/10.3.1/thumb/v7e-m+fp/hard\libgcc.a(_arm_muldivdf3.o)
                0x0000000008000608                __aeabi_dmul
                0x0000000008000608                __muldf3
                0x000000000800085c                __divdf3
                0x000000000800085c                __aeabi_ddiv
 .text          0x0000000008000a2c      0x110 c:/st/stm32cubeide_1.10.1/stm32cubeide/plugins/com.st.stm32cube.ide.mcu.externaltools.gnu-tools-for-stm32.10.3-2021.10.win32_1.0.0.202111181127/tools/bin/../lib/gcc/arm-none-eabi/10.3.1/thumb/v7e-m+fp/hard\libgcc.a(_arm_cmpdf2.o)
                0x0000000008000a2c                __gtdf2
                0x0000000008000a2c                __gedf2
                0x0000000008000a34                __ltdf2
                0x0000000008000a34                __ledf2
                0x0000000008000a3c                __nedf2
                0x0000000008000a3c                __eqdf2
                0x0000000008000a3c                __cmpdf2
                0x0000000008000ab8                __aeabi_cdrcmple
                0x0000000008000ac8                __aeabi_cdcmpeq
                0x0000000008000ac8                __aeabi_cdcmple
                0x0000000008000ad8                __aeabi_dcmpeq
                0x0000000008000aec                __aeabi_dcmplt
                0x0000000008000b00                __aeabi_dcmple
                0x0000000008000b14                __aeabi_dcmpge
                0x0000000008000b28                __aeabi_dcmpgt
 .text          0x0000000008000b3c       0x2c c:/st/stm32cubeide_1.10.1/stm32cubeide/plugins/com.st.stm32cube.ide.mcu.externaltools.gnu-tools-for-stm32.10.3-2021.10.win32_1.0.0.202111181127/tools/bin/../lib/gcc/arm-none-eabi/10.3.1/thumb/v7e-m+fp/hard\libgcc.a(_arm_unorddf2.o)
                0x0000000008000b3c                __unorddf2
                0x0000000008000b3c                __aeabi_dcmpun
 .text          0x0000000008000b68       0x50 c:/st/stm32cubeide_1.10.1/stm32cubeide/plugins/com.st.stm32cube.ide.mcu.externaltools.gnu-tools-for-stm32.10.3-2021.10.win32_1.0.0.202111181127/tools/bin/../lib/gcc/arm-none-eabi/10.3.1/thumb/v7e-m+fp/hard\libgcc.a(_arm_fixdfsi.o)
                0x0000000008000b68                __aeabi_d2iz
                0x0000000008000b68                __fixdfsi
 .text          0x0000000008000bb8       0x40 c:/st/stm32cubeide_1.10.1/stm32cubeide/plugins/com.st.stm32cube.ide.mcu.externaltools.gnu-tools-for-stm32.10.3-2021.10.win32_1.0.0.202111181127/tools/bin/../lib/gcc/arm-none-eabi/10.3.1/thumb/v7e-m+fp/hard\libgcc.a(_arm_fixunsdfsi.o)
                0x0000000008000bb8                __aeabi_d2uiz
                0x0000000008000bb8                __fixunsdfsi
 .text          0x0000000008000bf8       0xa0 c:/st/stm32cubeide_1.10.1/stm32cubeide/plugins/com.st.stm32cube.ide.mcu.externaltools.gnu-tools-for-stm32.10.3-2021.10.win32_1.0.0.202111181127/tools/bin/../lib/gcc/arm-none-eabi/10.3.1/thumb/v7e-m+fp/hard\libgcc.a(_arm_truncdfsf2.o)
                0x0000000008000bf8                __truncdfsf2
                0x0000000008000bf8                __aeabi_d2f
 .text          0x0000000008000c98       0xa0 c:/st/stm32cubeide_1.10.1/stm32cubeide/plugins/com.st.stm32cube.ide.mcu.externaltools.gnu-tools-for-stm32.10.3-2021.10.win32_1.0.0.202111181127/tools/bin/../lib/gcc/arm-none-eabi/10.3.1/thumb/v7e-m+fp/hard\libgcc.a(_aeabi_ldivmod.o)
                0x0000000008000c98                __aeabi_ldivmod
 .text          0x0000000008000d38       0x30 c:/st/stm32cubeide_1.10.1/stm32cubeide/plugins/com.st.stm32cube.ide.mcu.externaltools.gnu-tools-for-stm32.10.3-2021.10.win32_1.0.0.202111181127/tools/bin/../lib/gcc/arm-none-eabi/10.3.1/thumb/v7e-m+fp/hard\libgcc.a(_fixdfdi.o)
                0x0000000008000d38                __fixdfdi
                0x0000000008000d38                __aeabi_d2lz
 .text          0x0000000008000d68       0x3c c:/st/stm32cubeide_1.10.1/stm32cubeide/plugins/com.st.stm32cube.ide.mcu.externaltools.gnu-tools-for-stm32.10.3-2021.10.win32_1.0.0.202111181127/tools/bin/../lib/gcc/arm-none-eabi/10.3.1/thumb/v7e-m+fp/hard\libgcc.a(_fixunsdfdi.o)
                0x0000000008000d68                __fixunsdfdi
                0x0000000008000d68                __aeabi_d2ulz
 .text          0x0000000008000da4      0x2d0 c:/st/stm32cubeide_1.10.1/stm32cubeide/plugins/com.st.stm32cube.ide.mcu.externaltools.gnu-tools-for-stm32.10.3-2021.10.win32_1.0.0.202111181127/tools/bin/../lib/gcc/arm-none-eabi/10.3.1/thumb/v7e-m+fp/hard\libgcc.a(_udivmoddi4.o)
                0x0000000008000da4                __udivmoddi4
 .text          0x0000000008001074        0x4 c:/st/stm32cubeide_1.10.1/stm32cubeide/plugins/com.st.stm32cube.ide.mcu.externaltools.gnu-tools-for-stm32.10.3-2021.10.win32_1.0.0.202111181127/tools/bin/../lib/gcc/arm-none-eabi/10.3.1/thumb/v7e-m+fp/hard\libgcc.a(_dvmd_tls.o)
                0x0000000008001074                __aeabi_idiv0
                0x0000000008001074                __aeabi_ldiv0
 *(.text*)
 .text.main     0x0000000008001078      0x128 ./App/Src/main.o
                0x0000000008001078                main
 .text.int_Hardware
                0x00000000080011a0      0x224 ./App/Src/main.o
                0x00000000080011a0                int_Hardware
 .text.BasicTimer2_Callback
                0x00000000080013c4       0x18 ./App/Src/main.o
                0x00000000080013c4                BasicTimer2_Callback
 .text.BasicUSART2_Callback
                0x00000000080013dc       0x18 ./App/Src/main.o
                0x00000000080013dc                BasicUSART2_Callback
 .text.adcComplete_Callback
                0x00000000080013f4       0x18 ./App/Src/main.o
                0x00000000080013f4                adcComplete_Callback
 .text.callback_extInt13
                0x000000000800140c       0x40 ./App/Src/main.o
                0x000000000800140c                callback_extInt13
 .text.acelerometro_I2C
                0x000000000800144c      0x220 ./App/Src/main.o
                0x000000000800144c                acelerometro_I2C
 .text.Reset_Handler
                0x000000000800166c       0x50 ./Core/Startup/startup_stm32f411retx.o
                0x000000000800166c                Reset_Handler
 .text.Default_Handler
                0x00000000080016bc        0x2 ./Core/Startup/startup_stm32f411retx.o
                0x00000000080016bc                RTC_Alarm_IRQHandler
                0x00000000080016bc                DebugMon_Handler
                0x00000000080016bc                SPI4_IRQHandler
                0x00000000080016bc                TIM1_CC_IRQHandler
                0x00000000080016bc                DMA2_Stream5_IRQHandler
                0x00000000080016bc                HardFault_Handler
                0x00000000080016bc                DMA1_Stream5_IRQHandler
                0x00000000080016bc                PVD_IRQHandler
                0x00000000080016bc                SDIO_IRQHandler
                0x00000000080016bc                TAMP_STAMP_IRQHandler
                0x00000000080016bc                PendSV_Handler
                0x00000000080016bc                NMI_Handler
                0x00000000080016bc                TIM1_UP_TIM10_IRQHandler
                0x00000000080016bc                I2C3_ER_IRQHandler
                0x00000000080016bc                I2C2_EV_IRQHandler
                0x00000000080016bc                DMA1_Stream2_IRQHandler
                0x00000000080016bc                FPU_IRQHandler
                0x00000000080016bc                UsageFault_Handler
                0x00000000080016bc                DMA2_Stream2_IRQHandler
                0x00000000080016bc                SPI1_IRQHandler
                0x00000000080016bc                TIM1_BRK_TIM9_IRQHandler
                0x00000000080016bc                DMA2_Stream3_IRQHandler
                0x00000000080016bc                DMA2_Stream0_IRQHandler
                0x00000000080016bc                I2C1_EV_IRQHandler
                0x00000000080016bc                DMA1_Stream6_IRQHandler
                0x00000000080016bc                DMA1_Stream1_IRQHandler
                0x00000000080016bc                RCC_IRQHandler
                0x00000000080016bc                Default_Handler
                0x00000000080016bc                DMA1_Stream7_IRQHandler
                0x00000000080016bc                SPI5_IRQHandler
                0x00000000080016bc                DMA2_Stream7_IRQHandler
                0x00000000080016bc                I2C3_EV_IRQHandler
                0x00000000080016bc                RTC_WKUP_IRQHandler
                0x00000000080016bc                SPI2_IRQHandler
                0x00000000080016bc                MemManage_Handler
                0x00000000080016bc                DMA1_Stream0_IRQHandler
                0x00000000080016bc                SVC_Handler
                0x00000000080016bc                WWDG_IRQHandler
                0x00000000080016bc                OTG_FS_WKUP_IRQHandler
                0x00000000080016bc                TIM1_TRG_COM_TIM11_IRQHandler
                0x00000000080016bc                I2C2_ER_IRQHandler
                0x00000000080016bc                DMA2_Stream1_IRQHandler
                0x00000000080016bc                FLASH_IRQHandler
                0x00000000080016bc                DMA2_Stream4_IRQHandler
                0x00000000080016bc                BusFault_Handler
                0x00000000080016bc                OTG_FS_IRQHandler
                0x00000000080016bc                SPI3_IRQHandler
                0x00000000080016bc                DMA1_Stream4_IRQHandler
                0x00000000080016bc                I2C1_ER_IRQHandler
                0x00000000080016bc                DMA2_Stream6_IRQHandler
                0x00000000080016bc                DMA1_Stream3_IRQHandler
 .text._getpid  0x00000000080016be       0x10 ./Core/syscalls.o
                0x00000000080016be                _getpid
 .text._kill    0x00000000080016ce       0x20 ./Core/syscalls.o
                0x00000000080016ce                _kill
 .text._exit    0x00000000080016ee       0x14 ./Core/syscalls.o
                0x00000000080016ee                _exit
 .text._read    0x0000000008001702       0x3a ./Core/syscalls.o
                0x0000000008001702                _read
 .text._write   0x000000000800173c       0x38 ./Core/syscalls.o
                0x000000000800173c                _write
 .text._close   0x0000000008001774       0x18 ./Core/syscalls.o
                0x0000000008001774                _close
 .text._fstat   0x000000000800178c       0x20 ./Core/syscalls.o
                0x000000000800178c                _fstat
 .text._isatty  0x00000000080017ac       0x16 ./Core/syscalls.o
                0x00000000080017ac                _isatty
 .text._lseek   0x00000000080017c2       0x1a ./Core/syscalls.o
                0x00000000080017c2                _lseek
 .text._sbrk    0x00000000080017dc       0x6c ./Core/sysmem.o
                0x00000000080017dc                _sbrk
 .text.arm_abs_f32
                0x0000000008001848       0x44 ./DSP/Source/BasicMathFunctions/arm_abs_f32.o
                0x0000000008001848                arm_abs_f32
 .text.__NVIC_EnableIRQ
                0x000000000800188c       0x3c B:\Documentos\Universidad-Materias\Fundamentos de Robotica\Robotic\WorkSpaces/PeripheralDrivers/Debug\libPeripheralDrivers.a(AdcDriver.o)
 .text.__NVIC_SetPriority
                0x00000000080018c8       0x54 B:\Documentos\Universidad-Materias\Fundamentos de Robotica\Robotic\WorkSpaces/PeripheralDrivers/Debug\libPeripheralDrivers.a(AdcDriver.o)
 .text.adc_Config
                0x000000000800191c      0x234 B:\Documentos\Universidad-Materias\Fundamentos de Robotica\Robotic\WorkSpaces/PeripheralDrivers/Debug\libPeripheralDrivers.a(AdcDriver.o)
                0x000000000800191c                adc_Config
 .text.startSingleADC
                0x0000000008001b50       0x2c B:\Documentos\Universidad-Materias\Fundamentos de Robotica\Robotic\WorkSpaces/PeripheralDrivers/Debug\libPeripheralDrivers.a(AdcDriver.o)
                0x0000000008001b50                startSingleADC
 .text.getADC   0x0000000008001b7c       0x18 B:\Documentos\Universidad-Materias\Fundamentos de Robotica\Robotic\WorkSpaces/PeripheralDrivers/Debug\libPeripheralDrivers.a(AdcDriver.o)
                0x0000000008001b7c                getADC
 .text.ADC_IRQHandler
                0x0000000008001b94       0x30 B:\Documentos\Universidad-Materias\Fundamentos de Robotica\Robotic\WorkSpaces/PeripheralDrivers/Debug\libPeripheralDrivers.a(AdcDriver.o)
                0x0000000008001b94                ADC_IRQHandler
 .text.configAnalogPin
                0x0000000008001bc4      0x160 B:\Documentos\Universidad-Materias\Fundamentos de Robotica\Robotic\WorkSpaces/PeripheralDrivers/Debug\libPeripheralDrivers.a(AdcDriver.o)
                0x0000000008001bc4                configAnalogPin
 .text.__NVIC_EnableIRQ
                0x0000000008001d24       0x3c B:\Documentos\Universidad-Materias\Fundamentos de Robotica\Robotic\WorkSpaces/PeripheralDrivers/Debug\libPeripheralDrivers.a(BasicTimer.o)
 .text.BasicTimer_Config
                0x0000000008001d60      0x198 B:\Documentos\Universidad-Materias\Fundamentos de Robotica\Robotic\WorkSpaces/PeripheralDrivers/Debug\libPeripheralDrivers.a(BasicTimer.o)
                0x0000000008001d60                BasicTimer_Config
 .text.BasicTimer3_Callback
                0x0000000008001ef8       0x10 B:\Documentos\Universidad-Materias\Fundamentos de Robotica\Robotic\WorkSpaces/PeripheralDrivers/Debug\libPeripheralDrivers.a(BasicTimer.o)
                0x0000000008001ef8                BasicTimer3_Callback
 .text.BasicTimer4_Callback
                0x0000000008001f08       0x10 B:\Documentos\Universidad-Materias\Fundamentos de Robotica\Robotic\WorkSpaces/PeripheralDrivers/Debug\libPeripheralDrivers.a(BasicTimer.o)
                0x0000000008001f08                BasicTimer4_Callback
 .text.BasicTimer5_Callback
                0x0000000008001f18       0x10 B:\Documentos\Universidad-Materias\Fundamentos de Robotica\Robotic\WorkSpaces/PeripheralDrivers/Debug\libPeripheralDrivers.a(BasicTimer.o)
                0x0000000008001f18                BasicTimer5_Callback
 .text.TIM2_IRQHandler
                0x0000000008001f28       0x20 B:\Documentos\Universidad-Materias\Fundamentos de Robotica\Robotic\WorkSpaces/PeripheralDrivers/Debug\libPeripheralDrivers.a(BasicTimer.o)
                0x0000000008001f28                TIM2_IRQHandler
 .text.TIM3_IRQHandler
                0x0000000008001f48       0x20 B:\Documentos\Universidad-Materias\Fundamentos de Robotica\Robotic\WorkSpaces/PeripheralDrivers/Debug\libPeripheralDrivers.a(BasicTimer.o)
                0x0000000008001f48                TIM3_IRQHandler
 .text.TIM4_IRQHandler
                0x0000000008001f68       0x20 B:\Documentos\Universidad-Materias\Fundamentos de Robotica\Robotic\WorkSpaces/PeripheralDrivers/Debug\libPeripheralDrivers.a(BasicTimer.o)
                0x0000000008001f68                TIM4_IRQHandler
 .text.TIM5_IRQHandler
                0x0000000008001f88       0x20 B:\Documentos\Universidad-Materias\Fundamentos de Robotica\Robotic\WorkSpaces/PeripheralDrivers/Debug\libPeripheralDrivers.a(BasicTimer.o)
                0x0000000008001f88                TIM5_IRQHandler
 .text.__NVIC_EnableIRQ
                0x0000000008001fa8       0x3c B:\Documentos\Universidad-Materias\Fundamentos de Robotica\Robotic\WorkSpaces/PeripheralDrivers/Debug\libPeripheralDrivers.a(ExtiDriver.o)
 .text.extInt_Config
                0x0000000008001fe4      0xdbc B:\Documentos\Universidad-Materias\Fundamentos de Robotica\Robotic\WorkSpaces/PeripheralDrivers/Debug\libPeripheralDrivers.a(ExtiDriver.o)
                0x0000000008001fe4                extInt_Config
 .text.callback_extInt0
                0x0000000008002da0       0x10 B:\Documentos\Universidad-Materias\Fundamentos de Robotica\Robotic\WorkSpaces/PeripheralDrivers/Debug\libPeripheralDrivers.a(ExtiDriver.o)
                0x0000000008002da0                callback_extInt0
 .text.callback_extInt1
                0x0000000008002db0       0x10 B:\Documentos\Universidad-Materias\Fundamentos de Robotica\Robotic\WorkSpaces/PeripheralDrivers/Debug\libPeripheralDrivers.a(ExtiDriver.o)
                0x0000000008002db0                callback_extInt1
 .text.callback_extInt2
                0x0000000008002dc0       0x10 B:\Documentos\Universidad-Materias\Fundamentos de Robotica\Robotic\WorkSpaces/PeripheralDrivers/Debug\libPeripheralDrivers.a(ExtiDriver.o)
                0x0000000008002dc0                callback_extInt2
 .text.callback_extInt3
                0x0000000008002dd0       0x10 B:\Documentos\Universidad-Materias\Fundamentos de Robotica\Robotic\WorkSpaces/PeripheralDrivers/Debug\libPeripheralDrivers.a(ExtiDriver.o)
                0x0000000008002dd0                callback_extInt3
 .text.callback_extInt4
                0x0000000008002de0       0x10 B:\Documentos\Universidad-Materias\Fundamentos de Robotica\Robotic\WorkSpaces/PeripheralDrivers/Debug\libPeripheralDrivers.a(ExtiDriver.o)
                0x0000000008002de0                callback_extInt4
 .text.callback_extInt5
                0x0000000008002df0       0x10 B:\Documentos\Universidad-Materias\Fundamentos de Robotica\Robotic\WorkSpaces/PeripheralDrivers/Debug\libPeripheralDrivers.a(ExtiDriver.o)
                0x0000000008002df0                callback_extInt5
 .text.callback_extInt6
                0x0000000008002e00       0x10 B:\Documentos\Universidad-Materias\Fundamentos de Robotica\Robotic\WorkSpaces/PeripheralDrivers/Debug\libPeripheralDrivers.a(ExtiDriver.o)
                0x0000000008002e00                callback_extInt6
 .text.callback_extInt7
                0x0000000008002e10       0x10 B:\Documentos\Universidad-Materias\Fundamentos de Robotica\Robotic\WorkSpaces/PeripheralDrivers/Debug\libPeripheralDrivers.a(ExtiDriver.o)
                0x0000000008002e10                callback_extInt7
 .text.callback_extInt8
                0x0000000008002e20       0x10 B:\Documentos\Universidad-Materias\Fundamentos de Robotica\Robotic\WorkSpaces/PeripheralDrivers/Debug\libPeripheralDrivers.a(ExtiDriver.o)
                0x0000000008002e20                callback_extInt8
 .text.callback_extInt9
                0x0000000008002e30       0x10 B:\Documentos\Universidad-Materias\Fundamentos de Robotica\Robotic\WorkSpaces/PeripheralDrivers/Debug\libPeripheralDrivers.a(ExtiDriver.o)
                0x0000000008002e30                callback_extInt9
 .text.callback_extInt10
                0x0000000008002e40       0x10 B:\Documentos\Universidad-Materias\Fundamentos de Robotica\Robotic\WorkSpaces/PeripheralDrivers/Debug\libPeripheralDrivers.a(ExtiDriver.o)
                0x0000000008002e40                callback_extInt10
 .text.callback_extInt11
                0x0000000008002e50       0x10 B:\Documentos\Universidad-Materias\Fundamentos de Robotica\Robotic\WorkSpaces/PeripheralDrivers/Debug\libPeripheralDrivers.a(ExtiDriver.o)
                0x0000000008002e50                callback_extInt11
 .text.callback_extInt12
                0x0000000008002e60       0x10 B:\Documentos\Universidad-Materias\Fundamentos de Robotica\Robotic\WorkSpaces/PeripheralDrivers/Debug\libPeripheralDrivers.a(ExtiDriver.o)
                0x0000000008002e60                callback_extInt12
 .text.callback_extInt14
                0x0000000008002e70       0x10 B:\Documentos\Universidad-Materias\Fundamentos de Robotica\Robotic\WorkSpaces/PeripheralDrivers/Debug\libPeripheralDrivers.a(ExtiDriver.o)
                0x0000000008002e70                callback_extInt14
 .text.callback_extInt15
                0x0000000008002e80       0x10 B:\Documentos\Universidad-Materias\Fundamentos de Robotica\Robotic\WorkSpaces/PeripheralDrivers/Debug\libPeripheralDrivers.a(ExtiDriver.o)
                0x0000000008002e80                callback_extInt15
 .text.EXTI0_IRQHandler
                0x0000000008002e90       0x2c B:\Documentos\Universidad-Materias\Fundamentos de Robotica\Robotic\WorkSpaces/PeripheralDrivers/Debug\libPeripheralDrivers.a(ExtiDriver.o)
                0x0000000008002e90                EXTI0_IRQHandler
 .text.EXTI1_IRQHandler
                0x0000000008002ebc       0x2c B:\Documentos\Universidad-Materias\Fundamentos de Robotica\Robotic\WorkSpaces/PeripheralDrivers/Debug\libPeripheralDrivers.a(ExtiDriver.o)
                0x0000000008002ebc                EXTI1_IRQHandler
 .text.EXTI2_IRQHandler
                0x0000000008002ee8       0x2c B:\Documentos\Universidad-Materias\Fundamentos de Robotica\Robotic\WorkSpaces/PeripheralDrivers/Debug\libPeripheralDrivers.a(ExtiDriver.o)
                0x0000000008002ee8                EXTI2_IRQHandler
 .text.EXTI3_IRQHandler
                0x0000000008002f14       0x2c B:\Documentos\Universidad-Materias\Fundamentos de Robotica\Robotic\WorkSpaces/PeripheralDrivers/Debug\libPeripheralDrivers.a(ExtiDriver.o)
                0x0000000008002f14                EXTI3_IRQHandler
 .text.EXTI4_IRQHandler
                0x0000000008002f40       0x2c B:\Documentos\Universidad-Materias\Fundamentos de Robotica\Robotic\WorkSpaces/PeripheralDrivers/Debug\libPeripheralDrivers.a(ExtiDriver.o)
                0x0000000008002f40                EXTI4_IRQHandler
 .text.EXTI9_5_IRQHandler
                0x0000000008002f6c       0xa4 B:\Documentos\Universidad-Materias\Fundamentos de Robotica\Robotic\WorkSpaces/PeripheralDrivers/Debug\libPeripheralDrivers.a(ExtiDriver.o)
                0x0000000008002f6c                EXTI9_5_IRQHandler
 .text.EXTI15_10_IRQHandler
                0x0000000008003010       0xc4 B:\Documentos\Universidad-Materias\Fundamentos de Robotica\Robotic\WorkSpaces/PeripheralDrivers/Debug\libPeripheralDrivers.a(ExtiDriver.o)
                0x0000000008003010                EXTI15_10_IRQHandler
 .text.GPIO_PIN_Config
                0x00000000080030d4       0x44 B:\Documentos\Universidad-Materias\Fundamentos de Robotica\Robotic\WorkSpaces/PeripheralDrivers/Debug\libPeripheralDrivers.a(GPIOxDriver.o)
                0x00000000080030d4                GPIO_PIN_Config
 .text.GPIO_Config
                0x0000000008003118      0x254 B:\Documentos\Universidad-Materias\Fundamentos de Robotica\Robotic\WorkSpaces/PeripheralDrivers/Debug\libPeripheralDrivers.a(GPIOxDriver.o)
                0x0000000008003118                GPIO_Config
 .text.GPIO_writePin
                0x000000000800336c       0x56 B:\Documentos\Universidad-Materias\Fundamentos de Robotica\Robotic\WorkSpaces/PeripheralDrivers/Debug\libPeripheralDrivers.a(GPIOxDriver.o)
                0x000000000800336c                GPIO_writePin
 .text.GPIOxTooglePin
                0x00000000080033c2       0x2e B:\Documentos\Universidad-Materias\Fundamentos de Robotica\Robotic\WorkSpaces/PeripheralDrivers/Debug\libPeripheralDrivers.a(GPIOxDriver.o)
                0x00000000080033c2                GPIOxTooglePin
 .text.i2c_Config
                0x00000000080033f0      0x1b0 B:\Documentos\Universidad-Materias\Fundamentos de Robotica\Robotic\WorkSpaces/PeripheralDrivers/Debug\libPeripheralDrivers.a(I2CDriver.o)
                0x00000000080033f0                i2c_Config
 .text.i2c_StartTrasaction
                0x00000000080035a0       0x4a B:\Documentos\Universidad-Materias\Fundamentos de Robotica\Robotic\WorkSpaces/PeripheralDrivers/Debug\libPeripheralDrivers.a(I2CDriver.o)
                0x00000000080035a0                i2c_StartTrasaction
 .text.i2c_ReStartTrasaction
                0x00000000080035ea       0x38 B:\Documentos\Universidad-Materias\Fundamentos de Robotica\Robotic\WorkSpaces/PeripheralDrivers/Debug\libPeripheralDrivers.a(I2CDriver.o)
                0x00000000080035ea                i2c_ReStartTrasaction
 .text.i2c_SendSlaveAddressRW
                0x0000000008003622       0x50 B:\Documentos\Universidad-Materias\Fundamentos de Robotica\Robotic\WorkSpaces/PeripheralDrivers/Debug\libPeripheralDrivers.a(I2CDriver.o)
                0x0000000008003622                i2c_SendSlaveAddressRW
 .text.i2c_SendMemoryAddress
                0x0000000008003672       0x34 B:\Documentos\Universidad-Materias\Fundamentos de Robotica\Robotic\WorkSpaces/PeripheralDrivers/Debug\libPeripheralDrivers.a(I2CDriver.o)
                0x0000000008003672                i2c_SendMemoryAddress
 .text.i2c_SendDataByte
                0x00000000080036a6       0x34 B:\Documentos\Universidad-Materias\Fundamentos de Robotica\Robotic\WorkSpaces/PeripheralDrivers/Debug\libPeripheralDrivers.a(I2CDriver.o)
                0x00000000080036a6                i2c_SendDataByte
 .text.i2c_ReadDataByte
                0x00000000080036da       0x36 B:\Documentos\Universidad-Materias\Fundamentos de Robotica\Robotic\WorkSpaces/PeripheralDrivers/Debug\libPeripheralDrivers.a(I2CDriver.o)
                0x00000000080036da                i2c_ReadDataByte
 .text.i2c_SendNoAck
                0x0000000008003710       0x24 B:\Documentos\Universidad-Materias\Fundamentos de Robotica\Robotic\WorkSpaces/PeripheralDrivers/Debug\libPeripheralDrivers.a(I2CDriver.o)
                0x0000000008003710                i2c_SendNoAck
 .text.i2c_StopTrasaction
                0x0000000008003734       0x24 B:\Documentos\Universidad-Materias\Fundamentos de Robotica\Robotic\WorkSpaces/PeripheralDrivers/Debug\libPeripheralDrivers.a(I2CDriver.o)
                0x0000000008003734                i2c_StopTrasaction
 .text.i2c_ReadSingleRegister
                0x0000000008003758       0x62 B:\Documentos\Universidad-Materias\Fundamentos de Robotica\Robotic\WorkSpaces/PeripheralDrivers/Debug\libPeripheralDrivers.a(I2CDriver.o)
                0x0000000008003758                i2c_ReadSingleRegister
 .text.i2c_WriteSingleRegister
                0x00000000080037ba       0x46 B:\Documentos\Universidad-Materias\Fundamentos de Robotica\Robotic\WorkSpaces/PeripheralDrivers/Debug\libPeripheralDrivers.a(I2CDriver.o)
                0x00000000080037ba                i2c_WriteSingleRegister
 .text.getConfigPLL
                0x0000000008003800       0x38 B:\Documentos\Universidad-Materias\Fundamentos de Robotica\Robotic\WorkSpaces/PeripheralDrivers/Debug\libPeripheralDrivers.a(PLLDriver.o)
                0x0000000008003800                getConfigPLL
 .text.getClockAPB1
                0x0000000008003838       0x2e B:\Documentos\Universidad-Materias\Fundamentos de Robotica\Robotic\WorkSpaces/PeripheralDrivers/Debug\libPeripheralDrivers.a(PLLDriver.o)
                0x0000000008003838                getClockAPB1
 *fill*         0x0000000008003866        0x2 
 .text.pwm_Config
                0x0000000008003868      0x2dc B:\Documentos\Universidad-Materias\Fundamentos de Robotica\Robotic\WorkSpaces/PeripheralDrivers/Debug\libPeripheralDrivers.a(PwmDriver.o)
                0x0000000008003868                pwm_Config
 .text.startPwmSignal
                0x0000000008003b44       0x34 B:\Documentos\Universidad-Materias\Fundamentos de Robotica\Robotic\WorkSpaces/PeripheralDrivers/Debug\libPeripheralDrivers.a(PwmDriver.o)
                0x0000000008003b44                startPwmSignal
 .text.enableOutput
                0x0000000008003b78       0xc0 B:\Documentos\Universidad-Materias\Fundamentos de Robotica\Robotic\WorkSpaces/PeripheralDrivers/Debug\libPeripheralDrivers.a(PwmDriver.o)
                0x0000000008003b78                enableOutput
 .text.setFrequency
                0x0000000008003c38       0x36 B:\Documentos\Universidad-Materias\Fundamentos de Robotica\Robotic\WorkSpaces/PeripheralDrivers/Debug\libPeripheralDrivers.a(PwmDriver.o)
                0x0000000008003c38                setFrequency
 *fill*         0x0000000008003c6e        0x2 
 .text.setDuttyCycle
                0x0000000008003c70       0x68 B:\Documentos\Universidad-Materias\Fundamentos de Robotica\Robotic\WorkSpaces/PeripheralDrivers/Debug\libPeripheralDrivers.a(PwmDriver.o)
                0x0000000008003c70                setDuttyCycle
 .text.updateDuttyCycle
                0x0000000008003cd8       0x20 B:\Documentos\Universidad-Materias\Fundamentos de Robotica\Robotic\WorkSpaces/PeripheralDrivers/Debug\libPeripheralDrivers.a(PwmDriver.o)
                0x0000000008003cd8                updateDuttyCycle
 .text.__NVIC_EnableIRQ
                0x0000000008003cf8       0x3c B:\Documentos\Universidad-Materias\Fundamentos de Robotica\Robotic\WorkSpaces/PeripheralDrivers/Debug\libPeripheralDrivers.a(SysTickDriver.o)
 .text.config_SysTick_ms
                0x0000000008003d34       0x74 B:\Documentos\Universidad-Materias\Fundamentos de Robotica\Robotic\WorkSpaces/PeripheralDrivers/Debug\libPeripheralDrivers.a(SysTickDriver.o)
                0x0000000008003d34                config_SysTick_ms
 .text.getTicksMs
                0x0000000008003da8       0x1c B:\Documentos\Universidad-Materias\Fundamentos de Robotica\Robotic\WorkSpaces/PeripheralDrivers/Debug\libPeripheralDrivers.a(SysTickDriver.o)
                0x0000000008003da8                getTicksMs
 .text.SysTick_Handler
                0x0000000008003dc4       0x40 B:\Documentos\Universidad-Materias\Fundamentos de Robotica\Robotic\WorkSpaces/PeripheralDrivers/Debug\libPeripheralDrivers.a(SysTickDriver.o)
                0x0000000008003dc4                SysTick_Handler
 .text.__NVIC_EnableIRQ
                0x0000000008003e04       0x3c B:\Documentos\Universidad-Materias\Fundamentos de Robotica\Robotic\WorkSpaces/PeripheralDrivers/Debug\libPeripheralDrivers.a(USARTxDriver.o)
 .text.USART_Config
                0x0000000008003e40      0x43c B:\Documentos\Universidad-Materias\Fundamentos de Robotica\Robotic\WorkSpaces/PeripheralDrivers/Debug\libPeripheralDrivers.a(USARTxDriver.o)
                0x0000000008003e40                USART_Config
 .text.getValueBaudRate
                0x000000000800427c       0x9c B:\Documentos\Universidad-Materias\Fundamentos de Robotica\Robotic\WorkSpaces/PeripheralDrivers/Debug\libPeripheralDrivers.a(USARTxDriver.o)
                0x000000000800427c                getValueBaudRate
 .text.writeChar
                0x0000000008004318       0x32 B:\Documentos\Universidad-Materias\Fundamentos de Robotica\Robotic\WorkSpaces/PeripheralDrivers/Debug\libPeripheralDrivers.a(USARTxDriver.o)
                0x0000000008004318                writeChar
 .text.writeMsg
                0x000000000800434a       0x3c B:\Documentos\Universidad-Materias\Fundamentos de Robotica\Robotic\WorkSpaces/PeripheralDrivers/Debug\libPeripheralDrivers.a(USARTxDriver.o)
                0x000000000800434a                writeMsg
 *fill*         0x0000000008004386        0x2 
 .text.getRxData
                0x0000000008004388       0x18 B:\Documentos\Universidad-Materias\Fundamentos de Robotica\Robotic\WorkSpaces/PeripheralDrivers/Debug\libPeripheralDrivers.a(USARTxDriver.o)
                0x0000000008004388                getRxData
 .text.interruptionTX
                0x00000000080043a0       0x44 B:\Documentos\Universidad-Materias\Fundamentos de Robotica\Robotic\WorkSpaces/PeripheralDrivers/Debug\libPeripheralDrivers.a(USARTxDriver.o)
                0x00000000080043a0                interruptionTX
 .text.BasicUSART1_Callback
                0x00000000080043e4       0x10 B:\Documentos\Universidad-Materias\Fundamentos de Robotica\Robotic\WorkSpaces/PeripheralDrivers/Debug\libPeripheralDrivers.a(USARTxDriver.o)
                0x00000000080043e4                BasicUSART1_Callback
 .text.BasicUSART6_Callback
                0x00000000080043f4       0x10 B:\Documentos\Universidad-Materias\Fundamentos de Robotica\Robotic\WorkSpaces/PeripheralDrivers/Debug\libPeripheralDrivers.a(USARTxDriver.o)
                0x00000000080043f4                BasicUSART6_Callback
 .text.USART1_IRQHandler
                0x0000000008004404      0x108 B:\Documentos\Universidad-Materias\Fundamentos de Robotica\Robotic\WorkSpaces/PeripheralDrivers/Debug\libPeripheralDrivers.a(USARTxDriver.o)
                0x0000000008004404                USART1_IRQHandler
 .text.USART2_IRQHandler
                0x000000000800450c       0xb8 B:\Documentos\Universidad-Materias\Fundamentos de Robotica\Robotic\WorkSpaces/PeripheralDrivers/Debug\libPeripheralDrivers.a(USARTxDriver.o)
                0x000000000800450c                USART2_IRQHandler
 .text.USART6_IRQHandler
                0x00000000080045c4       0xb8 B:\Documentos\Universidad-Materias\Fundamentos de Robotica\Robotic\WorkSpaces/PeripheralDrivers/Debug\libPeripheralDrivers.a(USARTxDriver.o)
                0x00000000080045c4                USART6_IRQHandler
 .text.__errno  0x000000000800467c        0xc c:/st/stm32cubeide_1.10.1/stm32cubeide/plugins/com.st.stm32cube.ide.mcu.externaltools.gnu-tools-for-stm32.10.3-2021.10.win32_1.0.0.202111181127/tools/bin/../lib/gcc/arm-none-eabi/10.3.1/../../../../arm-none-eabi/lib/thumb/v7e-m+fp/hard\libc_nano.a(lib_a-errno.o)
                0x000000000800467c                __errno
 .text.__libc_init_array
                0x0000000008004688       0x48 c:/st/stm32cubeide_1.10.1/stm32cubeide/plugins/com.st.stm32cube.ide.mcu.externaltools.gnu-tools-for-stm32.10.3-2021.10.win32_1.0.0.202111181127/tools/bin/../lib/gcc/arm-none-eabi/10.3.1/../../../../arm-none-eabi/lib/thumb/v7e-m+fp/hard\libc_nano.a(lib_a-init.o)
                0x0000000008004688                __libc_init_array
 .text.memset   0x00000000080046d0       0x10 c:/st/stm32cubeide_1.10.1/stm32cubeide/plugins/com.st.stm32cube.ide.mcu.externaltools.gnu-tools-for-stm32.10.3-2021.10.win32_1.0.0.202111181127/tools/bin/../lib/gcc/arm-none-eabi/10.3.1/../../../../arm-none-eabi/lib/thumb/v7e-m+fp/hard\libc_nano.a(lib_a-memset.o)
                0x00000000080046d0                memset
 .text.__cvt    0x00000000080046e0       0xc4 c:/st/stm32cubeide_1.10.1/stm32cubeide/plugins/com.st.stm32cube.ide.mcu.externaltools.gnu-tools-for-stm32.10.3-2021.10.win32_1.0.0.202111181127/tools/bin/../lib/gcc/arm-none-eabi/10.3.1/../../../../arm-none-eabi/lib/thumb/v7e-m+fp/hard\libc_nano.a(lib_a-nano-vfprintf_float.o)
                0x00000000080046e0                __cvt
 .text.__exponent
                0x00000000080047a4       0x7c c:/st/stm32cubeide_1.10.1/stm32cubeide/plugins/com.st.stm32cube.ide.mcu.externaltools.gnu-tools-for-stm32.10.3-2021.10.win32_1.0.0.202111181127/tools/bin/../lib/gcc/arm-none-eabi/10.3.1/../../../../arm-none-eabi/lib/thumb/v7e-m+fp/hard\libc_nano.a(lib_a-nano-vfprintf_float.o)
                0x00000000080047a4                __exponent
 .text._printf_float
                0x0000000008004820      0x46c c:/st/stm32cubeide_1.10.1/stm32cubeide/plugins/com.st.stm32cube.ide.mcu.externaltools.gnu-tools-for-stm32.10.3-2021.10.win32_1.0.0.202111181127/tools/bin/../lib/gcc/arm-none-eabi/10.3.1/../../../../arm-none-eabi/lib/thumb/v7e-m+fp/hard\libc_nano.a(lib_a-nano-vfprintf_float.o)
                0x0000000008004820                _printf_float
 .text._printf_common
                0x0000000008004c8c       0xda c:/st/stm32cubeide_1.10.1/stm32cubeide/plugins/com.st.stm32cube.ide.mcu.externaltools.gnu-tools-for-stm32.10.3-2021.10.win32_1.0.0.202111181127/tools/bin/../lib/gcc/arm-none-eabi/10.3.1/../../../../arm-none-eabi/lib/thumb/v7e-m+fp/hard\libc_nano.a(lib_a-nano-vfprintf_i.o)
                0x0000000008004c8c                _printf_common
 *fill*         0x0000000008004d66        0x2 
 .text._printf_i
                0x0000000008004d68      0x24c c:/st/stm32cubeide_1.10.1/stm32cubeide/plugins/com.st.stm32cube.ide.mcu.externaltools.gnu-tools-for-stm32.10.3-2021.10.win32_1.0.0.202111181127/tools/bin/../lib/gcc/arm-none-eabi/10.3.1/../../../../arm-none-eabi/lib/thumb/v7e-m+fp/hard\libc_nano.a(lib_a-nano-vfprintf_i.o)
                0x0000000008004d68                _printf_i
 .text._scanf_float
                0x0000000008004fb4      0x420 c:/st/stm32cubeide_1.10.1/stm32cubeide/plugins/com.st.stm32cube.ide.mcu.externaltools.gnu-tools-for-stm32.10.3-2021.10.win32_1.0.0.202111181127/tools/bin/../lib/gcc/arm-none-eabi/10.3.1/../../../../arm-none-eabi/lib/thumb/v7e-m+fp/hard\libc_nano.a(lib_a-nano-vfscanf_float.o)
                0x0000000008004fb4                _scanf_float
 .text.nanf     0x00000000080053d4        0xc c:/st/stm32cubeide_1.10.1/stm32cubeide/plugins/com.st.stm32cube.ide.mcu.externaltools.gnu-tools-for-stm32.10.3-2021.10.win32_1.0.0.202111181127/tools/bin/../lib/gcc/arm-none-eabi/10.3.1/../../../../arm-none-eabi/lib/thumb/v7e-m+fp/hard\libc_nano.a(lib_a-sf_nan.o)
                0x00000000080053d4                nanf
 .text.sprintf  0x00000000080053e0       0x40 c:/st/stm32cubeide_1.10.1/stm32cubeide/plugins/com.st.stm32cube.ide.mcu.externaltools.gnu-tools-for-stm32.10.3-2021.10.win32_1.0.0.202111181127/tools/bin/../lib/gcc/arm-none-eabi/10.3.1/../../../../arm-none-eabi/lib/thumb/v7e-m+fp/hard\libc_nano.a(lib_a-sprintf.o)
                0x00000000080053e0                siprintf
                0x00000000080053e0                sprintf
 .text.sulp     0x0000000008005420       0x38 c:/st/stm32cubeide_1.10.1/stm32cubeide/plugins/com.st.stm32cube.ide.mcu.externaltools.gnu-tools-for-stm32.10.3-2021.10.win32_1.0.0.202111181127/tools/bin/../lib/gcc/arm-none-eabi/10.3.1/../../../../arm-none-eabi/lib/thumb/v7e-m+fp/hard\libc_nano.a(lib_a-strtod.o)
 .text._strtod_l
                0x0000000008005458      0xc0c c:/st/stm32cubeide_1.10.1/stm32cubeide/plugins/com.st.stm32cube.ide.mcu.externaltools.gnu-tools-for-stm32.10.3-2021.10.win32_1.0.0.202111181127/tools/bin/../lib/gcc/arm-none-eabi/10.3.1/../../../../arm-none-eabi/lib/thumb/v7e-m+fp/hard\libc_nano.a(lib_a-strtod.o)
                0x0000000008005458                _strtod_l
 .text._strtod_r
                0x0000000008006064        0xc c:/st/stm32cubeide_1.10.1/stm32cubeide/plugins/com.st.stm32cube.ide.mcu.externaltools.gnu-tools-for-stm32.10.3-2021.10.win32_1.0.0.202111181127/tools/bin/../lib/gcc/arm-none-eabi/10.3.1/../../../../arm-none-eabi/lib/thumb/v7e-m+fp/hard\libc_nano.a(lib_a-strtod.o)
                0x0000000008006064                _strtod_r
 .text._strtol_l.constprop.0
                0x0000000008006070      0x104 c:/st/stm32cubeide_1.10.1/stm32cubeide/plugins/com.st.stm32cube.ide.mcu.externaltools.gnu-tools-for-stm32.10.3-2021.10.win32_1.0.0.202111181127/tools/bin/../lib/gcc/arm-none-eabi/10.3.1/../../../../arm-none-eabi/lib/thumb/v7e-m+fp/hard\libc_nano.a(lib_a-strtol.o)
 .text._strtol_r
                0x0000000008006174        0x4 c:/st/stm32cubeide_1.10.1/stm32cubeide/plugins/com.st.stm32cube.ide.mcu.externaltools.gnu-tools-for-stm32.10.3-2021.10.win32_1.0.0.202111181127/tools/bin/../lib/gcc/arm-none-eabi/10.3.1/../../../../arm-none-eabi/lib/thumb/v7e-m+fp/hard\libc_nano.a(lib_a-strtol.o)
                0x0000000008006174                _strtol_r
 .text.quorem   0x0000000008006178      0x116 c:/st/stm32cubeide_1.10.1/stm32cubeide/plugins/com.st.stm32cube.ide.mcu.externaltools.gnu-tools-for-stm32.10.3-2021.10.win32_1.0.0.202111181127/tools/bin/../lib/gcc/arm-none-eabi/10.3.1/../../../../arm-none-eabi/lib/thumb/v7e-m+fp/hard\libc_nano.a(lib_a-dtoa.o)
 *fill*         0x000000000800628e        0x2 
 .text._dtoa_r  0x0000000008006290      0xbdc c:/st/stm32cubeide_1.10.1/stm32cubeide/plugins/com.st.stm32cube.ide.mcu.externaltools.gnu-tools-for-stm32.10.3-2021.10.win32_1.0.0.202111181127/tools/bin/../lib/gcc/arm-none-eabi/10.3.1/../../../../arm-none-eabi/lib/thumb/v7e-m+fp/hard\libc_nano.a(lib_a-dtoa.o)
                0x0000000008006290                _dtoa_r
 .text.rshift   0x0000000008006e6c       0xa4 c:/st/stm32cubeide_1.10.1/stm32cubeide/plugins/com.st.stm32cube.ide.mcu.externaltools.gnu-tools-for-stm32.10.3-2021.10.win32_1.0.0.202111181127/tools/bin/../lib/gcc/arm-none-eabi/10.3.1/../../../../arm-none-eabi/lib/thumb/v7e-m+fp/hard\libc_nano.a(lib_a-gdtoa-gethex.o)
 .text.__hexdig_fun
                0x0000000008006f10       0x2a c:/st/stm32cubeide_1.10.1/stm32cubeide/plugins/com.st.stm32cube.ide.mcu.externaltools.gnu-tools-for-stm32.10.3-2021.10.win32_1.0.0.202111181127/tools/bin/../lib/gcc/arm-none-eabi/10.3.1/../../../../arm-none-eabi/lib/thumb/v7e-m+fp/hard\libc_nano.a(lib_a-gdtoa-gethex.o)
                0x0000000008006f10                __hexdig_fun
 *fill*         0x0000000008006f3a        0x2 
 .text.__gethex
                0x0000000008006f3c      0x48c c:/st/stm32cubeide_1.10.1/stm32cubeide/plugins/com.st.stm32cube.ide.mcu.externaltools.gnu-tools-for-stm32.10.3-2021.10.win32_1.0.0.202111181127/tools/bin/../lib/gcc/arm-none-eabi/10.3.1/../../../../arm-none-eabi/lib/thumb/v7e-m+fp/hard\libc_nano.a(lib_a-gdtoa-gethex.o)
                0x0000000008006f3c                __gethex
 .text.L_shift  0x00000000080073c8       0x24 c:/st/stm32cubeide_1.10.1/stm32cubeide/plugins/com.st.stm32cube.ide.mcu.externaltools.gnu-tools-for-stm32.10.3-2021.10.win32_1.0.0.202111181127/tools/bin/../lib/gcc/arm-none-eabi/10.3.1/../../../../arm-none-eabi/lib/thumb/v7e-m+fp/hard\libc_nano.a(lib_a-gdtoa-hexnan.o)
 .text.__match  0x00000000080073ec       0x28 c:/st/stm32cubeide_1.10.1/stm32cubeide/plugins/com.st.stm32cube.ide.mcu.externaltools.gnu-tools-for-stm32.10.3-2021.10.win32_1.0.0.202111181127/tools/bin/../lib/gcc/arm-none-eabi/10.3.1/../../../../arm-none-eabi/lib/thumb/v7e-m+fp/hard\libc_nano.a(lib_a-gdtoa-hexnan.o)
                0x00000000080073ec                __match
 .text.__hexnan
                0x0000000008007414      0x138 c:/st/stm32cubeide_1.10.1/stm32cubeide/plugins/com.st.stm32cube.ide.mcu.externaltools.gnu-tools-for-stm32.10.3-2021.10.win32_1.0.0.202111181127/tools/bin/../lib/gcc/arm-none-eabi/10.3.1/../../../../arm-none-eabi/lib/thumb/v7e-m+fp/hard\libc_nano.a(lib_a-gdtoa-hexnan.o)
                0x0000000008007414                __hexnan
 .text._localeconv_r
                0x000000000800754c        0x8 c:/st/stm32cubeide_1.10.1/stm32cubeide/plugins/com.st.stm32cube.ide.mcu.externaltools.gnu-tools-for-stm32.10.3-2021.10.win32_1.0.0.202111181127/tools/bin/../lib/gcc/arm-none-eabi/10.3.1/../../../../arm-none-eabi/lib/thumb/v7e-m+fp/hard\libc_nano.a(lib_a-localeconv.o)
                0x000000000800754c                _localeconv_r
 .text.malloc   0x0000000008007554       0x10 c:/st/stm32cubeide_1.10.1/stm32cubeide/plugins/com.st.stm32cube.ide.mcu.externaltools.gnu-tools-for-stm32.10.3-2021.10.win32_1.0.0.202111181127/tools/bin/../lib/gcc/arm-none-eabi/10.3.1/../../../../arm-none-eabi/lib/thumb/v7e-m+fp/hard\libc_nano.a(lib_a-malloc.o)
                0x0000000008007554                malloc
 .text.__ascii_mbtowc
                0x0000000008007564       0x24 c:/st/stm32cubeide_1.10.1/stm32cubeide/plugins/com.st.stm32cube.ide.mcu.externaltools.gnu-tools-for-stm32.10.3-2021.10.win32_1.0.0.202111181127/tools/bin/../lib/gcc/arm-none-eabi/10.3.1/../../../../arm-none-eabi/lib/thumb/v7e-m+fp/hard\libc_nano.a(lib_a-mbtowc_r.o)
                0x0000000008007564                __ascii_mbtowc
 .text.memcpy   0x0000000008007588       0x1c c:/st/stm32cubeide_1.10.1/stm32cubeide/plugins/com.st.stm32cube.ide.mcu.externaltools.gnu-tools-for-stm32.10.3-2021.10.win32_1.0.0.202111181127/tools/bin/../lib/gcc/arm-none-eabi/10.3.1/../../../../arm-none-eabi/lib/thumb/v7e-m+fp/hard\libc_nano.a(lib_a-memcpy-stub.o)
                0x0000000008007588                memcpy
 .text._Balloc  0x00000000080075a4       0x80 c:/st/stm32cubeide_1.10.1/stm32cubeide/plugins/com.st.stm32cube.ide.mcu.externaltools.gnu-tools-for-stm32.10.3-2021.10.win32_1.0.0.202111181127/tools/bin/../lib/gcc/arm-none-eabi/10.3.1/../../../../arm-none-eabi/lib/thumb/v7e-m+fp/hard\libc_nano.a(lib_a-mprec.o)
                0x00000000080075a4                _Balloc
 .text._Bfree   0x0000000008007624       0x44 c:/st/stm32cubeide_1.10.1/stm32cubeide/plugins/com.st.stm32cube.ide.mcu.externaltools.gnu-tools-for-stm32.10.3-2021.10.win32_1.0.0.202111181127/tools/bin/../lib/gcc/arm-none-eabi/10.3.1/../../../../arm-none-eabi/lib/thumb/v7e-m+fp/hard\libc_nano.a(lib_a-mprec.o)
                0x0000000008007624                _Bfree
 .text.__multadd
                0x0000000008007668       0x8c c:/st/stm32cubeide_1.10.1/stm32cubeide/plugins/com.st.stm32cube.ide.mcu.externaltools.gnu-tools-for-stm32.10.3-2021.10.win32_1.0.0.202111181127/tools/bin/../lib/gcc/arm-none-eabi/10.3.1/../../../../arm-none-eabi/lib/thumb/v7e-m+fp/hard\libc_nano.a(lib_a-mprec.o)
                0x0000000008007668                __multadd
 .text.__s2b    0x00000000080076f4       0x94 c:/st/stm32cubeide_1.10.1/stm32cubeide/plugins/com.st.stm32cube.ide.mcu.externaltools.gnu-tools-for-stm32.10.3-2021.10.win32_1.0.0.202111181127/tools/bin/../lib/gcc/arm-none-eabi/10.3.1/../../../../arm-none-eabi/lib/thumb/v7e-m+fp/hard\libc_nano.a(lib_a-mprec.o)
                0x00000000080076f4                __s2b
 .text.__hi0bits
                0x0000000008007788       0x40 c:/st/stm32cubeide_1.10.1/stm32cubeide/plugins/com.st.stm32cube.ide.mcu.externaltools.gnu-tools-for-stm32.10.3-2021.10.win32_1.0.0.202111181127/tools/bin/../lib/gcc/arm-none-eabi/10.3.1/../../../../arm-none-eabi/lib/thumb/v7e-m+fp/hard\libc_nano.a(lib_a-mprec.o)
                0x0000000008007788                __hi0bits
 .text.__lo0bits
                0x00000000080077c8       0x5e c:/st/stm32cubeide_1.10.1/stm32cubeide/plugins/com.st.stm32cube.ide.mcu.externaltools.gnu-tools-for-stm32.10.3-2021.10.win32_1.0.0.202111181127/tools/bin/../lib/gcc/arm-none-eabi/10.3.1/../../../../arm-none-eabi/lib/thumb/v7e-m+fp/hard\libc_nano.a(lib_a-mprec.o)
                0x00000000080077c8                __lo0bits
 *fill*         0x0000000008007826        0x2 
 .text.__i2b    0x0000000008007828       0x2c c:/st/stm32cubeide_1.10.1/stm32cubeide/plugins/com.st.stm32cube.ide.mcu.externaltools.gnu-tools-for-stm32.10.3-2021.10.win32_1.0.0.202111181127/tools/bin/../lib/gcc/arm-none-eabi/10.3.1/../../../../arm-none-eabi/lib/thumb/v7e-m+fp/hard\libc_nano.a(lib_a-mprec.o)
                0x0000000008007828                __i2b
 .text.__multiply
                0x0000000008007854      0x154 c:/st/stm32cubeide_1.10.1/stm32cubeide/plugins/com.st.stm32cube.ide.mcu.externaltools.gnu-tools-for-stm32.10.3-2021.10.win32_1.0.0.202111181127/tools/bin/../lib/gcc/arm-none-eabi/10.3.1/../../../../arm-none-eabi/lib/thumb/v7e-m+fp/hard\libc_nano.a(lib_a-mprec.o)
                0x0000000008007854                __multiply
 .text.__pow5mult
                0x00000000080079a8       0xb4 c:/st/stm32cubeide_1.10.1/stm32cubeide/plugins/com.st.stm32cube.ide.mcu.externaltools.gnu-tools-for-stm32.10.3-2021.10.win32_1.0.0.202111181127/tools/bin/../lib/gcc/arm-none-eabi/10.3.1/../../../../arm-none-eabi/lib/thumb/v7e-m+fp/hard\libc_nano.a(lib_a-mprec.o)
                0x00000000080079a8                __pow5mult
 .text.__lshift
                0x0000000008007a5c       0xe0 c:/st/stm32cubeide_1.10.1/stm32cubeide/plugins/com.st.stm32cube.ide.mcu.externaltools.gnu-tools-for-stm32.10.3-2021.10.win32_1.0.0.202111181127/tools/bin/../lib/gcc/arm-none-eabi/10.3.1/../../../../arm-none-eabi/lib/thumb/v7e-m+fp/hard\libc_nano.a(lib_a-mprec.o)
                0x0000000008007a5c                __lshift
 .text.__mcmp   0x0000000008007b3c       0x38 c:/st/stm32cubeide_1.10.1/stm32cubeide/plugins/com.st.stm32cube.ide.mcu.externaltools.gnu-tools-for-stm32.10.3-2021.10.win32_1.0.0.202111181127/tools/bin/../lib/gcc/arm-none-eabi/10.3.1/../../../../arm-none-eabi/lib/thumb/v7e-m+fp/hard\libc_nano.a(lib_a-mprec.o)
                0x0000000008007b3c                __mcmp
 .text.__mdiff  0x0000000008007b74      0x114 c:/st/stm32cubeide_1.10.1/stm32cubeide/plugins/com.st.stm32cube.ide.mcu.externaltools.gnu-tools-for-stm32.10.3-2021.10.win32_1.0.0.202111181127/tools/bin/../lib/gcc/arm-none-eabi/10.3.1/../../../../arm-none-eabi/lib/thumb/v7e-m+fp/hard\libc_nano.a(lib_a-mprec.o)
                0x0000000008007b74                __mdiff
 .text.__ulp    0x0000000008007c88       0x58 c:/st/stm32cubeide_1.10.1/stm32cubeide/plugins/com.st.stm32cube.ide.mcu.externaltools.gnu-tools-for-stm32.10.3-2021.10.win32_1.0.0.202111181127/tools/bin/../lib/gcc/arm-none-eabi/10.3.1/../../../../arm-none-eabi/lib/thumb/v7e-m+fp/hard\libc_nano.a(lib_a-mprec.o)
                0x0000000008007c88                __ulp
 .text.__b2d    0x0000000008007ce0       0xa0 c:/st/stm32cubeide_1.10.1/stm32cubeide/plugins/com.st.stm32cube.ide.mcu.externaltools.gnu-tools-for-stm32.10.3-2021.10.win32_1.0.0.202111181127/tools/bin/../lib/gcc/arm-none-eabi/10.3.1/../../../../arm-none-eabi/lib/thumb/v7e-m+fp/hard\libc_nano.a(lib_a-mprec.o)
                0x0000000008007ce0                __b2d
 .text.__d2b    0x0000000008007d80       0xb8 c:/st/stm32cubeide_1.10.1/stm32cubeide/plugins/com.st.stm32cube.ide.mcu.externaltools.gnu-tools-for-stm32.10.3-2021.10.win32_1.0.0.202111181127/tools/bin/../lib/gcc/arm-none-eabi/10.3.1/../../../../arm-none-eabi/lib/thumb/v7e-m+fp/hard\libc_nano.a(lib_a-mprec.o)
                0x0000000008007d80                __d2b
 .text.__ratio  0x0000000008007e38       0x66 c:/st/stm32cubeide_1.10.1/stm32cubeide/plugins/com.st.stm32cube.ide.mcu.externaltools.gnu-tools-for-stm32.10.3-2021.10.win32_1.0.0.202111181127/tools/bin/../lib/gcc/arm-none-eabi/10.3.1/../../../../arm-none-eabi/lib/thumb/v7e-m+fp/hard\libc_nano.a(lib_a-mprec.o)
                0x0000000008007e38                __ratio
 .text.__copybits
                0x0000000008007e9e       0x46 c:/st/stm32cubeide_1.10.1/stm32cubeide/plugins/com.st.stm32cube.ide.mcu.externaltools.gnu-tools-for-stm32.10.3-2021.10.win32_1.0.0.202111181127/tools/bin/../lib/gcc/arm-none-eabi/10.3.1/../../../../arm-none-eabi/lib/thumb/v7e-m+fp/hard\libc_nano.a(lib_a-mprec.o)
                0x0000000008007e9e                __copybits
 .text.__any_on
                0x0000000008007ee4       0x42 c:/st/stm32cubeide_1.10.1/stm32cubeide/plugins/com.st.stm32cube.ide.mcu.externaltools.gnu-tools-for-stm32.10.3-2021.10.win32_1.0.0.202111181127/tools/bin/../lib/gcc/arm-none-eabi/10.3.1/../../../../arm-none-eabi/lib/thumb/v7e-m+fp/hard\libc_nano.a(lib_a-mprec.o)
                0x0000000008007ee4                __any_on
 .text._calloc_r
                0x0000000008007f26       0x2c c:/st/stm32cubeide_1.10.1/stm32cubeide/plugins/com.st.stm32cube.ide.mcu.externaltools.gnu-tools-for-stm32.10.3-2021.10.win32_1.0.0.202111181127/tools/bin/../lib/gcc/arm-none-eabi/10.3.1/../../../../arm-none-eabi/lib/thumb/v7e-m+fp/hard\libc_nano.a(lib_a-nano-callocr.o)
                0x0000000008007f26                _calloc_r
 *fill*         0x0000000008007f52        0x2 
 .text._free_r  0x0000000008007f54       0x98 c:/st/stm32cubeide_1.10.1/stm32cubeide/plugins/com.st.stm32cube.ide.mcu.externaltools.gnu-tools-for-stm32.10.3-2021.10.win32_1.0.0.202111181127/tools/bin/../lib/gcc/arm-none-eabi/10.3.1/../../../../arm-none-eabi/lib/thumb/v7e-m+fp/hard\libc_nano.a(lib_a-nano-freer.o)
                0x0000000008007f54                _free_r
 .text.sbrk_aligned
                0x0000000008007fec       0x40 c:/st/stm32cubeide_1.10.1/stm32cubeide/plugins/com.st.stm32cube.ide.mcu.externaltools.gnu-tools-for-stm32.10.3-2021.10.win32_1.0.0.202111181127/tools/bin/../lib/gcc/arm-none-eabi/10.3.1/../../../../arm-none-eabi/lib/thumb/v7e-m+fp/hard\libc_nano.a(lib_a-nano-mallocr.o)
 .text._malloc_r
                0x000000000800802c       0xe8 c:/st/stm32cubeide_1.10.1/stm32cubeide/plugins/com.st.stm32cube.ide.mcu.externaltools.gnu-tools-for-stm32.10.3-2021.10.win32_1.0.0.202111181127/tools/bin/../lib/gcc/arm-none-eabi/10.3.1/../../../../arm-none-eabi/lib/thumb/v7e-m+fp/hard\libc_nano.a(lib_a-nano-mallocr.o)
                0x000000000800802c                _malloc_r
 .text.__ssputs_r
                0x0000000008008114       0xb6 c:/st/stm32cubeide_1.10.1/stm32cubeide/plugins/com.st.stm32cube.ide.mcu.externaltools.gnu-tools-for-stm32.10.3-2021.10.win32_1.0.0.202111181127/tools/bin/../lib/gcc/arm-none-eabi/10.3.1/../../../../arm-none-eabi/lib/thumb/v7e-m+fp/hard\libc_nano.a(lib_a-nano-svfprintf.o)
                0x0000000008008114                __ssputs_r
 *fill*         0x00000000080081ca        0x2 
 .text._svfprintf_r
                0x00000000080081cc      0x200 c:/st/stm32cubeide_1.10.1/stm32cubeide/plugins/com.st.stm32cube.ide.mcu.externaltools.gnu-tools-for-stm32.10.3-2021.10.win32_1.0.0.202111181127/tools/bin/../lib/gcc/arm-none-eabi/10.3.1/../../../../arm-none-eabi/lib/thumb/v7e-m+fp/hard\libc_nano.a(lib_a-nano-svfprintf.o)
                0x00000000080081cc                _svfiprintf_r
                0x00000000080081cc                _svfprintf_r
 *fill*         0x00000000080083cc        0x4 
 .text.nan      0x00000000080083d0       0x10 c:/st/stm32cubeide_1.10.1/stm32cubeide/plugins/com.st.stm32cube.ide.mcu.externaltools.gnu-tools-for-stm32.10.3-2021.10.win32_1.0.0.202111181127/tools/bin/../lib/gcc/arm-none-eabi/10.3.1/../../../../arm-none-eabi/lib/thumb/v7e-m+fp/hard\libc_nano.a(lib_a-s_nan.o)
                0x00000000080083d0                nan
 .text._sbrk_r  0x00000000080083e0       0x20 c:/st/stm32cubeide_1.10.1/stm32cubeide/plugins/com.st.stm32cube.ide.mcu.externaltools.gnu-tools-for-stm32.10.3-2021.10.win32_1.0.0.202111181127/tools/bin/../lib/gcc/arm-none-eabi/10.3.1/../../../../arm-none-eabi/lib/thumb/v7e-m+fp/hard\libc_nano.a(lib_a-sbrkr.o)
                0x00000000080083e0                _sbrk_r
 .text.strncmp  0x0000000008008400       0x28 c:/st/stm32cubeide_1.10.1/stm32cubeide/plugins/com.st.stm32cube.ide.mcu.externaltools.gnu-tools-for-stm32.10.3-2021.10.win32_1.0.0.202111181127/tools/bin/../lib/gcc/arm-none-eabi/10.3.1/../../../../arm-none-eabi/lib/thumb/v7e-m+fp/hard\libc_nano.a(lib_a-strncmp.o)
                0x0000000008008400                strncmp
 .text.__ascii_wctomb
                0x0000000008008428       0x1a c:/st/stm32cubeide_1.10.1/stm32cubeide/plugins/com.st.stm32cube.ide.mcu.externaltools.gnu-tools-for-stm32.10.3-2021.10.win32_1.0.0.202111181127/tools/bin/../lib/gcc/arm-none-eabi/10.3.1/../../../../arm-none-eabi/lib/thumb/v7e-m+fp/hard\libc_nano.a(lib_a-wctomb_r.o)
                0x0000000008008428                __ascii_wctomb
 *fill*         0x0000000008008442        0x2 
 .text.__assert_func
                0x0000000008008444       0x3c c:/st/stm32cubeide_1.10.1/stm32cubeide/plugins/com.st.stm32cube.ide.mcu.externaltools.gnu-tools-for-stm32.10.3-2021.10.win32_1.0.0.202111181127/tools/bin/../lib/gcc/arm-none-eabi/10.3.1/../../../../arm-none-eabi/lib/thumb/v7e-m+fp/hard\libc_nano.a(lib_a-assert.o)
                0x0000000008008444                __assert_func
 .text.fprintf  0x0000000008008480       0x24 c:/st/stm32cubeide_1.10.1/stm32cubeide/plugins/com.st.stm32cube.ide.mcu.externaltools.gnu-tools-for-stm32.10.3-2021.10.win32_1.0.0.202111181127/tools/bin/../lib/gcc/arm-none-eabi/10.3.1/../../../../arm-none-eabi/lib/thumb/v7e-m+fp/hard\libc_nano.a(lib_a-fprintf.o)
                0x0000000008008480                fiprintf
                0x0000000008008480                fprintf
 .text.memmove  0x00000000080084a4       0x34 c:/st/stm32cubeide_1.10.1/stm32cubeide/plugins/com.st.stm32cube.ide.mcu.externaltools.gnu-tools-for-stm32.10.3-2021.10.win32_1.0.0.202111181127/tools/bin/../lib/gcc/arm-none-eabi/10.3.1/../../../../arm-none-eabi/lib/thumb/v7e-m+fp/hard\libc_nano.a(lib_a-memmove.o)
                0x00000000080084a4                memmove
 .text.__malloc_lock
                0x00000000080084d8        0xc c:/st/stm32cubeide_1.10.1/stm32cubeide/plugins/com.st.stm32cube.ide.mcu.externaltools.gnu-tools-for-stm32.10.3-2021.10.win32_1.0.0.202111181127/tools/bin/../lib/gcc/arm-none-eabi/10.3.1/../../../../arm-none-eabi/lib/thumb/v7e-m+fp/hard\libc_nano.a(lib_a-mlock.o)
                0x00000000080084d8                __malloc_lock
 .text.__malloc_unlock
                0x00000000080084e4        0xc c:/st/stm32cubeide_1.10.1/stm32cubeide/plugins/com.st.stm32cube.ide.mcu.externaltools.gnu-tools-for-stm32.10.3-2021.10.win32_1.0.0.202111181127/tools/bin/../lib/gcc/arm-none-eabi/10.3.1/../../../../arm-none-eabi/lib/thumb/v7e-m+fp/hard\libc_nano.a(lib_a-mlock.o)
                0x00000000080084e4                __malloc_unlock
 .text._realloc_r
                0x00000000080084f0       0x5e c:/st/stm32cubeide_1.10.1/stm32cubeide/plugins/com.st.stm32cube.ide.mcu.externaltools.gnu-tools-for-stm32.10.3-2021.10.win32_1.0.0.202111181127/tools/bin/../lib/gcc/arm-none-eabi/10.3.1/../../../../arm-none-eabi/lib/thumb/v7e-m+fp/hard\libc_nano.a(lib_a-nano-reallocr.o)
                0x00000000080084f0                _realloc_r
 .text.__sfputc_r
                0x000000000800854e       0x2e c:/st/stm32cubeide_1.10.1/stm32cubeide/plugins/com.st.stm32cube.ide.mcu.externaltools.gnu-tools-for-stm32.10.3-2021.10.win32_1.0.0.202111181127/tools/bin/../lib/gcc/arm-none-eabi/10.3.1/../../../../arm-none-eabi/lib/thumb/v7e-m+fp/hard\libc_nano.a(lib_a-nano-vfprintf.o)
 .text.__sfputs_r
                0x000000000800857c       0x24 c:/st/stm32cubeide_1.10.1/stm32cubeide/plugins/com.st.stm32cube.ide.mcu.externaltools.gnu-tools-for-stm32.10.3-2021.10.win32_1.0.0.202111181127/tools/bin/../lib/gcc/arm-none-eabi/10.3.1/../../../../arm-none-eabi/lib/thumb/v7e-m+fp/hard\libc_nano.a(lib_a-nano-vfprintf.o)
                0x000000000800857c                __sfputs_r
 .text._vfprintf_r
                0x00000000080085a0      0x260 c:/st/stm32cubeide_1.10.1/stm32cubeide/plugins/com.st.stm32cube.ide.mcu.externaltools.gnu-tools-for-stm32.10.3-2021.10.win32_1.0.0.202111181127/tools/bin/../lib/gcc/arm-none-eabi/10.3.1/../../../../arm-none-eabi/lib/thumb/v7e-m+fp/hard\libc_nano.a(lib_a-nano-vfprintf.o)
                0x00000000080085a0                _vfprintf_r
                0x00000000080085a0                _vfiprintf_r
 .text.__swbuf_r
                0x0000000008008800       0xa4 c:/st/stm32cubeide_1.10.1/stm32cubeide/plugins/com.st.stm32cube.ide.mcu.externaltools.gnu-tools-for-stm32.10.3-2021.10.win32_1.0.0.202111181127/tools/bin/../lib/gcc/arm-none-eabi/10.3.1/../../../../arm-none-eabi/lib/thumb/v7e-m+fp/hard\libc_nano.a(lib_a-wbuf.o)
                0x0000000008008800                __swbuf_r
 .text.__swsetup_r
                0x00000000080088a4       0xdc c:/st/stm32cubeide_1.10.1/stm32cubeide/plugins/com.st.stm32cube.ide.mcu.externaltools.gnu-tools-for-stm32.10.3-2021.10.win32_1.0.0.202111181127/tools/bin/../lib/gcc/arm-none-eabi/10.3.1/../../../../arm-none-eabi/lib/thumb/v7e-m+fp/hard\libc_nano.a(lib_a-wsetup.o)
                0x00000000080088a4                __swsetup_r
 .text.abort    0x0000000008008980        0xe c:/st/stm32cubeide_1.10.1/stm32cubeide/plugins/com.st.stm32cube.ide.mcu.externaltools.gnu-tools-for-stm32.10.3-2021.10.win32_1.0.0.202111181127/tools/bin/../lib/gcc/arm-none-eabi/10.3.1/../../../../arm-none-eabi/lib/thumb/v7e-m+fp/hard\libc_nano.a(lib_a-abort.o)
                0x0000000008008980                abort
 *fill*         0x000000000800898e        0x2 
 .text.__sflush_r
                0x0000000008008990      0x10c c:/st/stm32cubeide_1.10.1/stm32cubeide/plugins/com.st.stm32cube.ide.mcu.externaltools.gnu-tools-for-stm32.10.3-2021.10.win32_1.0.0.202111181127/tools/bin/../lib/gcc/arm-none-eabi/10.3.1/../../../../arm-none-eabi/lib/thumb/v7e-m+fp/hard\libc_nano.a(lib_a-fflush.o)
                0x0000000008008990                __sflush_r
 .text._fflush_r
                0x0000000008008a9c       0x78 c:/st/stm32cubeide_1.10.1/stm32cubeide/plugins/com.st.stm32cube.ide.mcu.externaltools.gnu-tools-for-stm32.10.3-2021.10.win32_1.0.0.202111181127/tools/bin/../lib/gcc/arm-none-eabi/10.3.1/../../../../arm-none-eabi/lib/thumb/v7e-m+fp/hard\libc_nano.a(lib_a-fflush.o)
                0x0000000008008a9c                _fflush_r
 .text.std      0x0000000008008b14       0x48 c:/st/stm32cubeide_1.10.1/stm32cubeide/plugins/com.st.stm32cube.ide.mcu.externaltools.gnu-tools-for-stm32.10.3-2021.10.win32_1.0.0.202111181127/tools/bin/../lib/gcc/arm-none-eabi/10.3.1/../../../../arm-none-eabi/lib/thumb/v7e-m+fp/hard\libc_nano.a(lib_a-findfp.o)
 .text._cleanup_r
                0x0000000008008b5c        0xc c:/st/stm32cubeide_1.10.1/stm32cubeide/plugins/com.st.stm32cube.ide.mcu.externaltools.gnu-tools-for-stm32.10.3-2021.10.win32_1.0.0.202111181127/tools/bin/../lib/gcc/arm-none-eabi/10.3.1/../../../../arm-none-eabi/lib/thumb/v7e-m+fp/hard\libc_nano.a(lib_a-findfp.o)
                0x0000000008008b5c                _cleanup_r
 .text.__sfmoreglue
                0x0000000008008b68       0x2c c:/st/stm32cubeide_1.10.1/stm32cubeide/plugins/com.st.stm32cube.ide.mcu.externaltools.gnu-tools-for-stm32.10.3-2021.10.win32_1.0.0.202111181127/tools/bin/../lib/gcc/arm-none-eabi/10.3.1/../../../../arm-none-eabi/lib/thumb/v7e-m+fp/hard\libc_nano.a(lib_a-findfp.o)
                0x0000000008008b68                __sfmoreglue
 .text.__sfp_lock_acquire
                0x0000000008008b94        0xc c:/st/stm32cubeide_1.10.1/stm32cubeide/plugins/com.st.stm32cube.ide.mcu.externaltools.gnu-tools-for-stm32.10.3-2021.10.win32_1.0.0.202111181127/tools/bin/../lib/gcc/arm-none-eabi/10.3.1/../../../../arm-none-eabi/lib/thumb/v7e-m+fp/hard\libc_nano.a(lib_a-findfp.o)
                0x0000000008008b94                __sfp_lock_acquire
 .text.__sfp_lock_release
                0x0000000008008ba0        0xc c:/st/stm32cubeide_1.10.1/stm32cubeide/plugins/com.st.stm32cube.ide.mcu.externaltools.gnu-tools-for-stm32.10.3-2021.10.win32_1.0.0.202111181127/tools/bin/../lib/gcc/arm-none-eabi/10.3.1/../../../../arm-none-eabi/lib/thumb/v7e-m+fp/hard\libc_nano.a(lib_a-findfp.o)
                0x0000000008008ba0                __sfp_lock_release
 .text.__sinit_lock_acquire
                0x0000000008008bac        0xc c:/st/stm32cubeide_1.10.1/stm32cubeide/plugins/com.st.stm32cube.ide.mcu.externaltools.gnu-tools-for-stm32.10.3-2021.10.win32_1.0.0.202111181127/tools/bin/../lib/gcc/arm-none-eabi/10.3.1/../../../../arm-none-eabi/lib/thumb/v7e-m+fp/hard\libc_nano.a(lib_a-findfp.o)
                0x0000000008008bac                __sinit_lock_acquire
 .text.__sinit_lock_release
                0x0000000008008bb8        0xc c:/st/stm32cubeide_1.10.1/stm32cubeide/plugins/com.st.stm32cube.ide.mcu.externaltools.gnu-tools-for-stm32.10.3-2021.10.win32_1.0.0.202111181127/tools/bin/../lib/gcc/arm-none-eabi/10.3.1/../../../../arm-none-eabi/lib/thumb/v7e-m+fp/hard\libc_nano.a(lib_a-findfp.o)
                0x0000000008008bb8                __sinit_lock_release
 .text.__sinit  0x0000000008008bc4       0x70 c:/st/stm32cubeide_1.10.1/stm32cubeide/plugins/com.st.stm32cube.ide.mcu.externaltools.gnu-tools-for-stm32.10.3-2021.10.win32_1.0.0.202111181127/tools/bin/../lib/gcc/arm-none-eabi/10.3.1/../../../../arm-none-eabi/lib/thumb/v7e-m+fp/hard\libc_nano.a(lib_a-findfp.o)
                0x0000000008008bc4                __sinit
 .text.__sfp    0x0000000008008c34       0x8c c:/st/stm32cubeide_1.10.1/stm32cubeide/plugins/com.st.stm32cube.ide.mcu.externaltools.gnu-tools-for-stm32.10.3-2021.10.win32_1.0.0.202111181127/tools/bin/../lib/gcc/arm-none-eabi/10.3.1/../../../../arm-none-eabi/lib/thumb/v7e-m+fp/hard\libc_nano.a(lib_a-findfp.o)
                0x0000000008008c34                __sfp
 .text._fwalk_reent
                0x0000000008008cc0       0x3e c:/st/stm32cubeide_1.10.1/stm32cubeide/plugins/com.st.stm32cube.ide.mcu.externaltools.gnu-tools-for-stm32.10.3-2021.10.win32_1.0.0.202111181127/tools/bin/../lib/gcc/arm-none-eabi/10.3.1/../../../../arm-none-eabi/lib/thumb/v7e-m+fp/hard\libc_nano.a(lib_a-fwalk.o)
                0x0000000008008cc0                _fwalk_reent
 .text.__retarget_lock_init_recursive
                0x0000000008008cfe        0x2 c:/st/stm32cubeide_1.10.1/stm32cubeide/plugins/com.st.stm32cube.ide.mcu.externaltools.gnu-tools-for-stm32.10.3-2021.10.win32_1.0.0.202111181127/tools/bin/../lib/gcc/arm-none-eabi/10.3.1/../../../../arm-none-eabi/lib/thumb/v7e-m+fp/hard\libc_nano.a(lib_a-lock.o)
                0x0000000008008cfe                __retarget_lock_init_recursive
 .text.__retarget_lock_acquire_recursive
                0x0000000008008d00        0x2 c:/st/stm32cubeide_1.10.1/stm32cubeide/plugins/com.st.stm32cube.ide.mcu.externaltools.gnu-tools-for-stm32.10.3-2021.10.win32_1.0.0.202111181127/tools/bin/../lib/gcc/arm-none-eabi/10.3.1/../../../../arm-none-eabi/lib/thumb/v7e-m+fp/hard\libc_nano.a(lib_a-lock.o)
                0x0000000008008d00                __retarget_lock_acquire_recursive
 .text.__retarget_lock_release_recursive
                0x0000000008008d02        0x2 c:/st/stm32cubeide_1.10.1/stm32cubeide/plugins/com.st.stm32cube.ide.mcu.externaltools.gnu-tools-for-stm32.10.3-2021.10.win32_1.0.0.202111181127/tools/bin/../lib/gcc/arm-none-eabi/10.3.1/../../../../arm-none-eabi/lib/thumb/v7e-m+fp/hard\libc_nano.a(lib_a-lock.o)
                0x0000000008008d02                __retarget_lock_release_recursive
 .text.__swhatbuf_r
                0x0000000008008d04       0x4a c:/st/stm32cubeide_1.10.1/stm32cubeide/plugins/com.st.stm32cube.ide.mcu.externaltools.gnu-tools-for-stm32.10.3-2021.10.win32_1.0.0.202111181127/tools/bin/../lib/gcc/arm-none-eabi/10.3.1/../../../../arm-none-eabi/lib/thumb/v7e-m+fp/hard\libc_nano.a(lib_a-makebuf.o)
                0x0000000008008d04                __swhatbuf_r
 *fill*         0x0000000008008d4e        0x2 
 .text.__smakebuf_r
                0x0000000008008d50       0x80 c:/st/stm32cubeide_1.10.1/stm32cubeide/plugins/com.st.stm32cube.ide.mcu.externaltools.gnu-tools-for-stm32.10.3-2021.10.win32_1.0.0.202111181127/tools/bin/../lib/gcc/arm-none-eabi/10.3.1/../../../../arm-none-eabi/lib/thumb/v7e-m+fp/hard\libc_nano.a(lib_a-makebuf.o)
                0x0000000008008d50                __smakebuf_r
 .text._malloc_usable_size_r
                0x0000000008008dd0       0x10 c:/st/stm32cubeide_1.10.1/stm32cubeide/plugins/com.st.stm32cube.ide.mcu.externaltools.gnu-tools-for-stm32.10.3-2021.10.win32_1.0.0.202111181127/tools/bin/../lib/gcc/arm-none-eabi/10.3.1/../../../../arm-none-eabi/lib/thumb/v7e-m+fp/hard\libc_nano.a(lib_a-nano-msizer.o)
                0x0000000008008dd0                _malloc_usable_size_r
 .text._raise_r
                0x0000000008008de0       0x50 c:/st/stm32cubeide_1.10.1/stm32cubeide/plugins/com.st.stm32cube.ide.mcu.externaltools.gnu-tools-for-stm32.10.3-2021.10.win32_1.0.0.202111181127/tools/bin/../lib/gcc/arm-none-eabi/10.3.1/../../../../arm-none-eabi/lib/thumb/v7e-m+fp/hard\libc_nano.a(lib_a-signal.o)
                0x0000000008008de0                _raise_r
 .text.raise    0x0000000008008e30       0x10 c:/st/stm32cubeide_1.10.1/stm32cubeide/plugins/com.st.stm32cube.ide.mcu.externaltools.gnu-tools-for-stm32.10.3-2021.10.win32_1.0.0.202111181127/tools/bin/../lib/gcc/arm-none-eabi/10.3.1/../../../../arm-none-eabi/lib/thumb/v7e-m+fp/hard\libc_nano.a(lib_a-signal.o)
                0x0000000008008e30                raise
 .text._kill_r  0x0000000008008e40       0x24 c:/st/stm32cubeide_1.10.1/stm32cubeide/plugins/com.st.stm32cube.ide.mcu.externaltools.gnu-tools-for-stm32.10.3-2021.10.win32_1.0.0.202111181127/tools/bin/../lib/gcc/arm-none-eabi/10.3.1/../../../../arm-none-eabi/lib/thumb/v7e-m+fp/hard\libc_nano.a(lib_a-signalr.o)
                0x0000000008008e40                _kill_r
 .text._getpid_r
                0x0000000008008e64        0x4 c:/st/stm32cubeide_1.10.1/stm32cubeide/plugins/com.st.stm32cube.ide.mcu.externaltools.gnu-tools-for-stm32.10.3-2021.10.win32_1.0.0.202111181127/tools/bin/../lib/gcc/arm-none-eabi/10.3.1/../../../../arm-none-eabi/lib/thumb/v7e-m+fp/hard\libc_nano.a(lib_a-signalr.o)
                0x0000000008008e64                _getpid_r
 .text.__sread  0x0000000008008e68       0x22 c:/st/stm32cubeide_1.10.1/stm32cubeide/plugins/com.st.stm32cube.ide.mcu.externaltools.gnu-tools-for-stm32.10.3-2021.10.win32_1.0.0.202111181127/tools/bin/../lib/gcc/arm-none-eabi/10.3.1/../../../../arm-none-eabi/lib/thumb/v7e-m+fp/hard\libc_nano.a(lib_a-stdio.o)
                0x0000000008008e68                __sread
 .text.__swrite
                0x0000000008008e8a       0x38 c:/st/stm32cubeide_1.10.1/stm32cubeide/plugins/com.st.stm32cube.ide.mcu.externaltools.gnu-tools-for-stm32.10.3-2021.10.win32_1.0.0.202111181127/tools/bin/../lib/gcc/arm-none-eabi/10.3.1/../../../../arm-none-eabi/lib/thumb/v7e-m+fp/hard\libc_nano.a(lib_a-stdio.o)
                0x0000000008008e8a                __swrite
 .text.__sseek  0x0000000008008ec2       0x24 c:/st/stm32cubeide_1.10.1/stm32cubeide/plugins/com.st.stm32cube.ide.mcu.externaltools.gnu-tools-for-stm32.10.3-2021.10.win32_1.0.0.202111181127/tools/bin/../lib/gcc/arm-none-eabi/10.3.1/../../../../arm-none-eabi/lib/thumb/v7e-m+fp/hard\libc_nano.a(lib_a-stdio.o)
                0x0000000008008ec2                __sseek
 .text.__sclose
                0x0000000008008ee6        0x8 c:/st/stm32cubeide_1.10.1/stm32cubeide/plugins/com.st.stm32cube.ide.mcu.externaltools.gnu-tools-for-stm32.10.3-2021.10.win32_1.0.0.202111181127/tools/bin/../lib/gcc/arm-none-eabi/10.3.1/../../../../arm-none-eabi/lib/thumb/v7e-m+fp/hard\libc_nano.a(lib_a-stdio.o)
                0x0000000008008ee6                __sclose
 *fill*         0x0000000008008eee        0x2 
 .text._write_r
                0x0000000008008ef0       0x24 c:/st/stm32cubeide_1.10.1/stm32cubeide/plugins/com.st.stm32cube.ide.mcu.externaltools.gnu-tools-for-stm32.10.3-2021.10.win32_1.0.0.202111181127/tools/bin/../lib/gcc/arm-none-eabi/10.3.1/../../../../arm-none-eabi/lib/thumb/v7e-m+fp/hard\libc_nano.a(lib_a-writer.o)
                0x0000000008008ef0                _write_r
 .text._close_r
                0x0000000008008f14       0x20 c:/st/stm32cubeide_1.10.1/stm32cubeide/plugins/com.st.stm32cube.ide.mcu.externaltools.gnu-tools-for-stm32.10.3-2021.10.win32_1.0.0.202111181127/tools/bin/../lib/gcc/arm-none-eabi/10.3.1/../../../../arm-none-eabi/lib/thumb/v7e-m+fp/hard\libc_nano.a(lib_a-closer.o)
                0x0000000008008f14                _close_r
 .text._fstat_r
                0x0000000008008f34       0x24 c:/st/stm32cubeide_1.10.1/stm32cubeide/plugins/com.st.stm32cube.ide.mcu.externaltools.gnu-tools-for-stm32.10.3-2021.10.win32_1.0.0.202111181127/tools/bin/../lib/gcc/arm-none-eabi/10.3.1/../../../../arm-none-eabi/lib/thumb/v7e-m+fp/hard\libc_nano.a(lib_a-fstatr.o)
                0x0000000008008f34                _fstat_r
 .text._isatty_r
                0x0000000008008f58       0x20 c:/st/stm32cubeide_1.10.1/stm32cubeide/plugins/com.st.stm32cube.ide.mcu.externaltools.gnu-tools-for-stm32.10.3-2021.10.win32_1.0.0.202111181127/tools/bin/../lib/gcc/arm-none-eabi/10.3.1/../../../../arm-none-eabi/lib/thumb/v7e-m+fp/hard\libc_nano.a(lib_a-isattyr.o)
                0x0000000008008f58                _isatty_r
 .text._lseek_r
                0x0000000008008f78       0x24 c:/st/stm32cubeide_1.10.1/stm32cubeide/plugins/com.st.stm32cube.ide.mcu.externaltools.gnu-tools-for-stm32.10.3-2021.10.win32_1.0.0.202111181127/tools/bin/../lib/gcc/arm-none-eabi/10.3.1/../../../../arm-none-eabi/lib/thumb/v7e-m+fp/hard\libc_nano.a(lib_a-lseekr.o)
                0x0000000008008f78                _lseek_r
 .text._read_r  0x0000000008008f9c       0x24 c:/st/stm32cubeide_1.10.1/stm32cubeide/plugins/com.st.stm32cube.ide.mcu.externaltools.gnu-tools-for-stm32.10.3-2021.10.win32_1.0.0.202111181127/tools/bin/../lib/gcc/arm-none-eabi/10.3.1/../../../../arm-none-eabi/lib/thumb/v7e-m+fp/hard\libc_nano.a(lib_a-readr.o)
                0x0000000008008f9c                _read_r
 *(.glue_7)
 .glue_7        0x0000000008008fc0        0x0 linker stubs
 *(.glue_7t)
 .glue_7t       0x0000000008008fc0        0x0 linker stubs
 *(.eh_frame)
 .eh_frame      0x0000000008008fc0        0x0 c:/st/stm32cubeide_1.10.1/stm32cubeide/plugins/com.st.stm32cube.ide.mcu.externaltools.gnu-tools-for-stm32.10.3-2021.10.win32_1.0.0.202111181127/tools/bin/../lib/gcc/arm-none-eabi/10.3.1/thumb/v7e-m+fp/hard/crtbegin.o
 *(.init)
 .init          0x0000000008008fc0        0x4 c:/st/stm32cubeide_1.10.1/stm32cubeide/plugins/com.st.stm32cube.ide.mcu.externaltools.gnu-tools-for-stm32.10.3-2021.10.win32_1.0.0.202111181127/tools/bin/../lib/gcc/arm-none-eabi/10.3.1/thumb/v7e-m+fp/hard/crti.o
                0x0000000008008fc0                _init
 .init          0x0000000008008fc4        0x8 c:/st/stm32cubeide_1.10.1/stm32cubeide/plugins/com.st.stm32cube.ide.mcu.externaltools.gnu-tools-for-stm32.10.3-2021.10.win32_1.0.0.202111181127/tools/bin/../lib/gcc/arm-none-eabi/10.3.1/thumb/v7e-m+fp/hard/crtn.o
 *(.fini)
 .fini          0x0000000008008fcc        0x4 c:/st/stm32cubeide_1.10.1/stm32cubeide/plugins/com.st.stm32cube.ide.mcu.externaltools.gnu-tools-for-stm32.10.3-2021.10.win32_1.0.0.202111181127/tools/bin/../lib/gcc/arm-none-eabi/10.3.1/thumb/v7e-m+fp/hard/crti.o
                0x0000000008008fcc                _fini
 .fini          0x0000000008008fd0        0x8 c:/st/stm32cubeide_1.10.1/stm32cubeide/plugins/com.st.stm32cube.ide.mcu.externaltools.gnu-tools-for-stm32.10.3-2021.10.win32_1.0.0.202111181127/tools/bin/../lib/gcc/arm-none-eabi/10.3.1/thumb/v7e-m+fp/hard/crtn.o
                0x0000000008008fd8                . = ALIGN (0x4)
                0x0000000008008fd8                _etext = .

.vfp11_veneer   0x0000000008008fd8        0x0
 .vfp11_veneer  0x0000000008008fd8        0x0 linker stubs

.v4_bx          0x0000000008008fd8        0x0
 .v4_bx         0x0000000008008fd8        0x0 linker stubs

.iplt           0x0000000008008fd8        0x0
 .iplt          0x0000000008008fd8        0x0 c:/st/stm32cubeide_1.10.1/stm32cubeide/plugins/com.st.stm32cube.ide.mcu.externaltools.gnu-tools-for-stm32.10.3-2021.10.win32_1.0.0.202111181127/tools/bin/../lib/gcc/arm-none-eabi/10.3.1/thumb/v7e-m+fp/hard/crtbegin.o

.rodata         0x0000000008008fd8      0x5c4
                0x0000000008008fd8                . = ALIGN (0x4)
 *(.rodata)
 .rodata        0x0000000008008fd8      0x11a ./App/Src/main.o
 *(.rodata*)
 *fill*         0x00000000080090f2        0x2 
 .rodata._global_impure_ptr
                0x00000000080090f4        0x4 c:/st/stm32cubeide_1.10.1/stm32cubeide/plugins/com.st.stm32cube.ide.mcu.externaltools.gnu-tools-for-stm32.10.3-2021.10.win32_1.0.0.202111181127/tools/bin/../lib/gcc/arm-none-eabi/10.3.1/../../../../arm-none-eabi/lib/thumb/v7e-m+fp/hard\libc_nano.a(lib_a-impure.o)
                0x00000000080090f4                _global_impure_ptr
 .rodata._printf_float.str1.1
                0x00000000080090f8       0x12 c:/st/stm32cubeide_1.10.1/stm32cubeide/plugins/com.st.stm32cube.ide.mcu.externaltools.gnu-tools-for-stm32.10.3-2021.10.win32_1.0.0.202111181127/tools/bin/../lib/gcc/arm-none-eabi/10.3.1/../../../../arm-none-eabi/lib/thumb/v7e-m+fp/hard\libc_nano.a(lib_a-nano-vfprintf_float.o)
 .rodata._printf_i.str1.1
                0x000000000800910a       0x22 c:/st/stm32cubeide_1.10.1/stm32cubeide/plugins/com.st.stm32cube.ide.mcu.externaltools.gnu-tools-for-stm32.10.3-2021.10.win32_1.0.0.202111181127/tools/bin/../lib/gcc/arm-none-eabi/10.3.1/../../../../arm-none-eabi/lib/thumb/v7e-m+fp/hard\libc_nano.a(lib_a-nano-vfprintf_i.o)
 .rodata._scanf_float.str1.1
                0x000000000800912c        0x5 c:/st/stm32cubeide_1.10.1/stm32cubeide/plugins/com.st.stm32cube.ide.mcu.externaltools.gnu-tools-for-stm32.10.3-2021.10.win32_1.0.0.202111181127/tools/bin/../lib/gcc/arm-none-eabi/10.3.1/../../../../arm-none-eabi/lib/thumb/v7e-m+fp/hard\libc_nano.a(lib_a-nano-vfscanf_float.o)
                                          0x6 (size before relaxing)
 .rodata._strtod_l.str1.1
                0x0000000008009131        0x5 c:/st/stm32cubeide_1.10.1/stm32cubeide/plugins/com.st.stm32cube.ide.mcu.externaltools.gnu-tools-for-stm32.10.3-2021.10.win32_1.0.0.202111181127/tools/bin/../lib/gcc/arm-none-eabi/10.3.1/../../../../arm-none-eabi/lib/thumb/v7e-m+fp/hard\libc_nano.a(lib_a-strtod.o)
                                          0xd (size before relaxing)
 *fill*         0x0000000008009131        0x3 
 .rodata.fpi.1  0x0000000008009134       0x14 c:/st/stm32cubeide_1.10.1/stm32cubeide/plugins/com.st.stm32cube.ide.mcu.externaltools.gnu-tools-for-stm32.10.3-2021.10.win32_1.0.0.202111181127/tools/bin/../lib/gcc/arm-none-eabi/10.3.1/../../../../arm-none-eabi/lib/thumb/v7e-m+fp/hard\libc_nano.a(lib_a-strtod.o)
 .rodata.fpinan.0
                0x0000000008009148       0x14 c:/st/stm32cubeide_1.10.1/stm32cubeide/plugins/com.st.stm32cube.ide.mcu.externaltools.gnu-tools-for-stm32.10.3-2021.10.win32_1.0.0.202111181127/tools/bin/../lib/gcc/arm-none-eabi/10.3.1/../../../../arm-none-eabi/lib/thumb/v7e-m+fp/hard\libc_nano.a(lib_a-strtod.o)
 *fill*         0x000000000800915c        0x4 
 .rodata.tinytens
                0x0000000008009160       0x28 c:/st/stm32cubeide_1.10.1/stm32cubeide/plugins/com.st.stm32cube.ide.mcu.externaltools.gnu-tools-for-stm32.10.3-2021.10.win32_1.0.0.202111181127/tools/bin/../lib/gcc/arm-none-eabi/10.3.1/../../../../arm-none-eabi/lib/thumb/v7e-m+fp/hard\libc_nano.a(lib_a-strtod.o)
 .rodata._ctype_
                0x0000000008009188      0x101 c:/st/stm32cubeide_1.10.1/stm32cubeide/plugins/com.st.stm32cube.ide.mcu.externaltools.gnu-tools-for-stm32.10.3-2021.10.win32_1.0.0.202111181127/tools/bin/../lib/gcc/arm-none-eabi/10.3.1/../../../../arm-none-eabi/lib/thumb/v7e-m+fp/hard\libc_nano.a(lib_a-ctype_.o)
                0x0000000008009188                _ctype_
 .rodata._dtoa_r.str1.1
                0x0000000008009289       0x90 c:/st/stm32cubeide_1.10.1/stm32cubeide/plugins/com.st.stm32cube.ide.mcu.externaltools.gnu-tools-for-stm32.10.3-2021.10.win32_1.0.0.202111181127/tools/bin/../lib/gcc/arm-none-eabi/10.3.1/../../../../arm-none-eabi/lib/thumb/v7e-m+fp/hard\libc_nano.a(lib_a-dtoa.o)
                                         0x92 (size before relaxing)
 .rodata.__gethex.str1.1
                0x0000000008009319       0x63 c:/st/stm32cubeide_1.10.1/stm32cubeide/plugins/com.st.stm32cube.ide.mcu.externaltools.gnu-tools-for-stm32.10.3-2021.10.win32_1.0.0.202111181127/tools/bin/../lib/gcc/arm-none-eabi/10.3.1/../../../../arm-none-eabi/lib/thumb/v7e-m+fp/hard\libc_nano.a(lib_a-gdtoa-gethex.o)
                                         0x74 (size before relaxing)
 .rodata.str1.1
                0x000000000800937c        0x2 c:/st/stm32cubeide_1.10.1/stm32cubeide/plugins/com.st.stm32cube.ide.mcu.externaltools.gnu-tools-for-stm32.10.3-2021.10.win32_1.0.0.202111181127/tools/bin/../lib/gcc/arm-none-eabi/10.3.1/../../../../arm-none-eabi/lib/thumb/v7e-m+fp/hard\libc_nano.a(lib_a-lnumeric.o)
                                          0x3 (size before relaxing)
 *fill*         0x000000000800937e        0x2 
 .rodata._C_numeric_locale
                0x0000000008009380        0xc c:/st/stm32cubeide_1.10.1/stm32cubeide/plugins/com.st.stm32cube.ide.mcu.externaltools.gnu-tools-for-stm32.10.3-2021.10.win32_1.0.0.202111181127/tools/bin/../lib/gcc/arm-none-eabi/10.3.1/../../../../arm-none-eabi/lib/thumb/v7e-m+fp/hard\libc_nano.a(lib_a-lnumeric.o)
                0x0000000008009380                _C_numeric_locale
 .rodata._setlocale_r.str1.1
                0x000000000800938c        0x8 c:/st/stm32cubeide_1.10.1/stm32cubeide/plugins/com.st.stm32cube.ide.mcu.externaltools.gnu-tools-for-stm32.10.3-2021.10.win32_1.0.0.202111181127/tools/bin/../lib/gcc/arm-none-eabi/10.3.1/../../../../arm-none-eabi/lib/thumb/v7e-m+fp/hard\libc_nano.a(lib_a-locale.o)
                                          0x9 (size before relaxing)
 .rodata.str1.1
                0x0000000008009394        0x2 c:/st/stm32cubeide_1.10.1/stm32cubeide/plugins/com.st.stm32cube.ide.mcu.externaltools.gnu-tools-for-stm32.10.3-2021.10.win32_1.0.0.202111181127/tools/bin/../lib/gcc/arm-none-eabi/10.3.1/../../../../arm-none-eabi/lib/thumb/v7e-m+fp/hard\libc_nano.a(lib_a-locale.o)
 .rodata._Balloc.str1.1
                0x0000000008009394       0x5c c:/st/stm32cubeide_1.10.1/stm32cubeide/plugins/com.st.stm32cube.ide.mcu.externaltools.gnu-tools-for-stm32.10.3-2021.10.win32_1.0.0.202111181127/tools/bin/../lib/gcc/arm-none-eabi/10.3.1/../../../../arm-none-eabi/lib/thumb/v7e-m+fp/hard\libc_nano.a(lib_a-mprec.o)
                                         0x73 (size before relaxing)
 .rodata.__multadd.str1.1
                0x00000000080093f0       0x11 c:/st/stm32cubeide_1.10.1/stm32cubeide/plugins/com.st.stm32cube.ide.mcu.externaltools.gnu-tools-for-stm32.10.3-2021.10.win32_1.0.0.202111181127/tools/bin/../lib/gcc/arm-none-eabi/10.3.1/../../../../arm-none-eabi/lib/thumb/v7e-m+fp/hard\libc_nano.a(lib_a-mprec.o)
 .rodata.__mprec_bigtens
                0x00000000080093f0       0x28 c:/st/stm32cubeide_1.10.1/stm32cubeide/plugins/com.st.stm32cube.ide.mcu.externaltools.gnu-tools-for-stm32.10.3-2021.10.win32_1.0.0.202111181127/tools/bin/../lib/gcc/arm-none-eabi/10.3.1/../../../../arm-none-eabi/lib/thumb/v7e-m+fp/hard\libc_nano.a(lib_a-mprec.o)
                0x00000000080093f0                __mprec_bigtens
 .rodata.__mprec_tens
                0x0000000008009418       0xc8 c:/st/stm32cubeide_1.10.1/stm32cubeide/plugins/com.st.stm32cube.ide.mcu.externaltools.gnu-tools-for-stm32.10.3-2021.10.win32_1.0.0.202111181127/tools/bin/../lib/gcc/arm-none-eabi/10.3.1/../../../../arm-none-eabi/lib/thumb/v7e-m+fp/hard\libc_nano.a(lib_a-mprec.o)
                0x0000000008009418                __mprec_tens
 .rodata.p05.0  0x00000000080094e0        0xc c:/st/stm32cubeide_1.10.1/stm32cubeide/plugins/com.st.stm32cube.ide.mcu.externaltools.gnu-tools-for-stm32.10.3-2021.10.win32_1.0.0.202111181127/tools/bin/../lib/gcc/arm-none-eabi/10.3.1/../../../../arm-none-eabi/lib/thumb/v7e-m+fp/hard\libc_nano.a(lib_a-mprec.o)
 .rodata._svfprintf_r.str1.1
                0x00000000080094ec       0x11 c:/st/stm32cubeide_1.10.1/stm32cubeide/plugins/com.st.stm32cube.ide.mcu.externaltools.gnu-tools-for-stm32.10.3-2021.10.win32_1.0.0.202111181127/tools/bin/../lib/gcc/arm-none-eabi/10.3.1/../../../../arm-none-eabi/lib/thumb/v7e-m+fp/hard\libc_nano.a(lib_a-nano-svfprintf.o)
 .rodata.__assert_func.str1.1
                0x00000000080094fd       0x3c c:/st/stm32cubeide_1.10.1/stm32cubeide/plugins/com.st.stm32cube.ide.mcu.externaltools.gnu-tools-for-stm32.10.3-2021.10.win32_1.0.0.202111181127/tools/bin/../lib/gcc/arm-none-eabi/10.3.1/../../../../arm-none-eabi/lib/thumb/v7e-m+fp/hard\libc_nano.a(lib_a-assert.o)
                                         0x3d (size before relaxing)
 .rodata._vfprintf_r.str1.1
                0x0000000008009539       0x11 c:/st/stm32cubeide_1.10.1/stm32cubeide/plugins/com.st.stm32cube.ide.mcu.externaltools.gnu-tools-for-stm32.10.3-2021.10.win32_1.0.0.202111181127/tools/bin/../lib/gcc/arm-none-eabi/10.3.1/../../../../arm-none-eabi/lib/thumb/v7e-m+fp/hard\libc_nano.a(lib_a-nano-vfprintf.o)
 *fill*         0x0000000008009539        0x3 
 .rodata.__sf_fake_stderr
                0x000000000800953c       0x20 c:/st/stm32cubeide_1.10.1/stm32cubeide/plugins/com.st.stm32cube.ide.mcu.externaltools.gnu-tools-for-stm32.10.3-2021.10.win32_1.0.0.202111181127/tools/bin/../lib/gcc/arm-none-eabi/10.3.1/../../../../arm-none-eabi/lib/thumb/v7e-m+fp/hard\libc_nano.a(lib_a-findfp.o)
                0x000000000800953c                __sf_fake_stderr
 .rodata.__sf_fake_stdin
                0x000000000800955c       0x20 c:/st/stm32cubeide_1.10.1/stm32cubeide/plugins/com.st.stm32cube.ide.mcu.externaltools.gnu-tools-for-stm32.10.3-2021.10.win32_1.0.0.202111181127/tools/bin/../lib/gcc/arm-none-eabi/10.3.1/../../../../arm-none-eabi/lib/thumb/v7e-m+fp/hard\libc_nano.a(lib_a-findfp.o)
                0x000000000800955c                __sf_fake_stdin
 .rodata.__sf_fake_stdout
                0x000000000800957c       0x20 c:/st/stm32cubeide_1.10.1/stm32cubeide/plugins/com.st.stm32cube.ide.mcu.externaltools.gnu-tools-for-stm32.10.3-2021.10.win32_1.0.0.202111181127/tools/bin/../lib/gcc/arm-none-eabi/10.3.1/../../../../arm-none-eabi/lib/thumb/v7e-m+fp/hard\libc_nano.a(lib_a-findfp.o)
                0x000000000800957c                __sf_fake_stdout
                0x000000000800959c                . = ALIGN (0x4)

.ARM.extab      0x000000000800959c        0x0
                0x000000000800959c                . = ALIGN (0x4)
 *(.ARM.extab* .gnu.linkonce.armextab.*)
                0x000000000800959c                . = ALIGN (0x4)

.ARM            0x000000000800959c        0x8
                0x000000000800959c                . = ALIGN (0x4)
                0x000000000800959c                __exidx_start = .
 *(.ARM.exidx*)
 .ARM.exidx     0x000000000800959c        0x8 c:/st/stm32cubeide_1.10.1/stm32cubeide/plugins/com.st.stm32cube.ide.mcu.externaltools.gnu-tools-for-stm32.10.3-2021.10.win32_1.0.0.202111181127/tools/bin/../lib/gcc/arm-none-eabi/10.3.1/thumb/v7e-m+fp/hard\libgcc.a(_udivmoddi4.o)
                0x00000000080095a4                __exidx_end = .
                0x00000000080095a4                . = ALIGN (0x4)

.rel.dyn        0x00000000080095a4        0x0
 .rel.iplt      0x00000000080095a4        0x0 c:/st/stm32cubeide_1.10.1/stm32cubeide/plugins/com.st.stm32cube.ide.mcu.externaltools.gnu-tools-for-stm32.10.3-2021.10.win32_1.0.0.202111181127/tools/bin/../lib/gcc/arm-none-eabi/10.3.1/thumb/v7e-m+fp/hard/crtbegin.o

.preinit_array  0x00000000080095a4        0x0
                0x00000000080095a4                . = ALIGN (0x4)
                0x00000000080095a4                PROVIDE (__preinit_array_start = .)
 *(.preinit_array*)
                0x00000000080095a4                PROVIDE (__preinit_array_end = .)
                0x00000000080095a4                . = ALIGN (0x4)

.init_array     0x00000000080095a4        0x4
                0x00000000080095a4                . = ALIGN (0x4)
                0x00000000080095a4                PROVIDE (__init_array_start = .)
 *(SORT_BY_NAME(.init_array.*))
 *(.init_array*)
 .init_array    0x00000000080095a4        0x4 c:/st/stm32cubeide_1.10.1/stm32cubeide/plugins/com.st.stm32cube.ide.mcu.externaltools.gnu-tools-for-stm32.10.3-2021.10.win32_1.0.0.202111181127/tools/bin/../lib/gcc/arm-none-eabi/10.3.1/thumb/v7e-m+fp/hard/crtbegin.o
                0x00000000080095a8                PROVIDE (__init_array_end = .)
                0x00000000080095a8                . = ALIGN (0x4)

.fini_array     0x00000000080095a8        0x4
                0x00000000080095a8                . = ALIGN (0x4)
                [!provide]                        PROVIDE (__fini_array_start = .)
 *(SORT_BY_NAME(.fini_array.*))
 *(.fini_array*)
 .fini_array    0x00000000080095a8        0x4 c:/st/stm32cubeide_1.10.1/stm32cubeide/plugins/com.st.stm32cube.ide.mcu.externaltools.gnu-tools-for-stm32.10.3-2021.10.win32_1.0.0.202111181127/tools/bin/../lib/gcc/arm-none-eabi/10.3.1/thumb/v7e-m+fp/hard/crtbegin.o
                [!provide]                        PROVIDE (__fini_array_end = .)
                0x00000000080095ac                . = ALIGN (0x4)
                0x00000000080095ac                _sidata = LOADADDR (.data)

.data           0x0000000020000000      0x1ec load address 0x00000000080095ac
                0x0000000020000000                . = ALIGN (0x4)
                0x0000000020000000                _sdata = .
 *(.data)
 *(.data*)
 .data.charRead
                0x0000000020000000        0x1 ./App/Src/main.o
                0x0000000020000000                charRead
 *fill*         0x0000000020000001        0x3 
 .data.sendMg   0x0000000020000004       0x13 ./App/Src/main.o
                0x0000000020000004                sendMg
 .data.duttyporc
                0x0000000020000017        0x1 ./App/Src/main.o
                0x0000000020000017                duttyporc