../App/Src/main.c:126:5:main	16	static,ignoring_inline_asm
../App/Src/main.c:175:6:int_Hardware	16	static
../App/Src/main.c:443:6:int_MCO2	8	static
../App/Src/main.c:453:6:int_Config_Motor	16	static
../App/Src/main.c:497:6:BasicTimer2_Callback	8	static
../App/Src/main.c:504:6:BasicTimer3_Callback	56	static
../App/Src/main.c:568:6:BasicUSART1_Callback	8	static
../App/Src/main.c:579:6:callback_extInt1	8	static
../App/Src/main.c:602:6:callback_extInt3	8	static
../App/Src/main.c:630:6:recepcionCommand	4	static
../App/Src/main.c:654:6:runCommand	120	static
../App/Src/main.c:790:6:PID	32	static,ignoring_inline_asm
../App/Src/main.c:823:6:status_motor	16	static
../App/Src/main.c:860:6:config_motor	32	static
../App/Src/main.c:884:6:constains_calculator	64	static
