../App/Src/main.c:127:5:main	16	static,ignoring_inline_asm
../App/Src/main.c:176:6:int_Hardware	16	static
../App/Src/main.c:444:6:int_MCO2	8	static
../App/Src/main.c:454:6:int_Config_Motor	4	static
../App/Src/main.c:491:6:BasicTimer2_Callback	8	static
../App/Src/main.c:498:6:BasicTimer3_Callback	40	static
../App/Src/main.c:544:6:BasicUSART2_Callback	8	static
../App/Src/main.c:555:6:callback_extInt1	16	static
../App/Src/main.c:572:6:callback_extInt3	16	static
../App/Src/main.c:594:6:recepcionCommand	4	static
../App/Src/main.c:618:6:runCommand	112	static
../App/Src/main.c:737:6:PID	16	static,ignoring_inline_asm
../App/Src/main.c:763:6:status_motor	16	static
../App/Src/main.c:800:6:config_motor	32	static
../App/Src/main.c:821:6:change_study	4	static
