../App/Src/main.c:159:5:main	40	static,ignoring_inline_asm
../App/Src/main.c:247:6:int_Hardware	16	static
../App/Src/main.c:557:6:int_MCO2	8	static
../App/Src/main.c:566:6:int_MPU	8	static
../App/Src/main.c:583:6:int_Config_Motor	16	static
../App/Src/main.c:633:6:constains_calculator	64	static
../App/Src/main.c:655:6:BasicTimer2_Callback	8	static
../App/Src/main.c:662:6:BasicTimer3_Callback	48	static,ignoring_inline_asm
../App/Src/main.c:730:6:BasicUSART1_Callback	8	static
../App/Src/main.c:741:6:callback_extInt1	8	static
../App/Src/main.c:760:6:callback_extInt3	8	static
../App/Src/main.c:785:6:recepcionCommand	4	static
../App/Src/main.c:809:6:runCommand	128	static
../App/Src/main.c:950:6:PID	40	static
../App/Src/main.c:966:6:correction	24	static,ignoring_inline_asm
../App/Src/main.c:1002:6:status_motor	16	static
../App/Src/main.c:1039:6:config_motor	32	static
