B:/Documentos/Universidad-Materias/Fundamentos de Robotica/Robotic/WorkSpaces/STM32Cube_FW_F4_V1.27.0/Drivers/CMSIS/Core/Include/core_cm4.h:1688:22:__NVIC_EnableIRQ	16	static
B:/Documentos/Universidad-Materias/Fundamentos de Robotica/Robotic/WorkSpaces/STM32Cube_FW_F4_V1.27.0/Drivers/CMSIS/Core/Include/core_cm4.h:1816:22:__NVIC_SetPriority	16	static
../Src/AdcDriver.c:17:6:adc_Config	24	static,ignoring_inline_asm
../Src/AdcDriver.c:177:7:ADC_ConfigMultichannel	24	static,ignoring_inline_asm
../Src/AdcDriver.c:392:6:startSingleADC	4	static
../Src/AdcDriver.c:402:10:getADC	4	static
../Src/AdcDriver.c:410:29:adcComplete_Callback	4	static,ignoring_inline_asm
../Src/AdcDriver.c:415:6:ADC_IRQHandler	8	static,ignoring_inline_asm
../Src/AdcDriver.c:434:6:configAnalogPin	16	static
../Src/AdcDriver.c:551:6:numberChannel	16	static,ignoring_inline_asm
