B:/Documentos/Universidad-Materias/Fundamentos de Robotica/Robotic/WorkSpaces/STM32Cube_FW_F4_V1.27.0/Drivers/CMSIS/Core/Include/core_cm4.h:1688:22:__NVIC_EnableIRQ	16	static
../Src/ExtiDriver.c:12:6:extInt_Config	24	static,ignoring_inline_asm
../Src/ExtiDriver.c:808:29:callback_extInt0	4	static,ignoring_inline_asm
../Src/ExtiDriver.c:812:29:callback_extInt1	4	static,ignoring_inline_asm
../Src/ExtiDriver.c:816:29:callback_extInt2	4	static,ignoring_inline_asm
../Src/ExtiDriver.c:820:29:callback_extInt3	4	static,ignoring_inline_asm
../Src/ExtiDriver.c:824:29:callback_extInt4	4	static,ignoring_inline_asm
../Src/ExtiDriver.c:828:29:callback_extInt5	4	static,ignoring_inline_asm
../Src/ExtiDriver.c:832:29:callback_extInt6	4	static,ignoring_inline_asm
../Src/ExtiDriver.c:836:29:callback_extInt7	4	static,ignoring_inline_asm
../Src/ExtiDriver.c:840:29:callback_extInt8	4	static,ignoring_inline_asm
../Src/ExtiDriver.c:844:29:callback_extInt9	4	static,ignoring_inline_asm
../Src/ExtiDriver.c:848:29:callback_extInt10	4	static,ignoring_inline_asm
../Src/ExtiDriver.c:852:29:callback_extInt11	4	static,ignoring_inline_asm
../Src/ExtiDriver.c:856:29:callback_extInt12	4	static,ignoring_inline_asm
../Src/ExtiDriver.c:860:29:callback_extInt13	4	static,ignoring_inline_asm
../Src/ExtiDriver.c:864:29:callback_extInt14	4	static,ignoring_inline_asm
../Src/ExtiDriver.c:868:29:callback_extInt15	4	static,ignoring_inline_asm
../Src/ExtiDriver.c:879:6:EXTI0_IRQHandler	8	static,ignoring_inline_asm
../Src/ExtiDriver.c:893:6:EXTI1_IRQHandler	8	static,ignoring_inline_asm
../Src/ExtiDriver.c:907:6:EXTI2_IRQHandler	8	static,ignoring_inline_asm
../Src/ExtiDriver.c:921:6:EXTI3_IRQHandler	8	static,ignoring_inline_asm
../Src/ExtiDriver.c:935:6:EXTI4_IRQHandler	8	static,ignoring_inline_asm
../Src/ExtiDriver.c:950:6:EXTI9_5_IRQHandler	8	static,ignoring_inline_asm
../Src/ExtiDriver.c:989:6:EXTI15_10_IRQHandler	8	static,ignoring_inline_asm
