B:/Documentos/Universidad-Materias/Fundamentos de Robotica/Robotic/WorkSpaces/STM32Cube_FW_F4_V1.27.0/Drivers/CMSIS/Core/Include/core_cm4.h:1688:22:__NVIC_EnableIRQ	16	static
../Src/ExtiDriver.c:12:6:extInt_Config	24	static,ignoring_inline_asm
../Src/ExtiDriver.c:805:29:callback_extInt0	4	static,ignoring_inline_asm
../Src/ExtiDriver.c:809:29:callback_extInt1	4	static,ignoring_inline_asm
../Src/ExtiDriver.c:813:29:callback_extInt2	4	static,ignoring_inline_asm
../Src/ExtiDriver.c:817:29:callback_extInt3	4	static,ignoring_inline_asm
../Src/ExtiDriver.c:821:29:callback_extInt4	4	static,ignoring_inline_asm
../Src/ExtiDriver.c:825:29:callback_extInt5	4	static,ignoring_inline_asm
../Src/ExtiDriver.c:829:29:callback_extInt6	4	static,ignoring_inline_asm
../Src/ExtiDriver.c:833:29:callback_extInt7	4	static,ignoring_inline_asm
../Src/ExtiDriver.c:837:29:callback_extInt8	4	static,ignoring_inline_asm
../Src/ExtiDriver.c:841:29:callback_extInt9	4	static,ignoring_inline_asm
../Src/ExtiDriver.c:845:29:callback_extInt10	4	static,ignoring_inline_asm
../Src/ExtiDriver.c:849:29:callback_extInt11	4	static,ignoring_inline_asm
../Src/ExtiDriver.c:853:29:callback_extInt12	4	static,ignoring_inline_asm
../Src/ExtiDriver.c:857:29:callback_extInt13	4	static,ignoring_inline_asm
../Src/ExtiDriver.c:861:29:callback_extInt14	4	static,ignoring_inline_asm
../Src/ExtiDriver.c:865:29:callback_extInt15	4	static,ignoring_inline_asm
../Src/ExtiDriver.c:876:6:EXTI0_IRQHandler	8	static,ignoring_inline_asm
../Src/ExtiDriver.c:890:6:EXTI1_IRQHandler	8	static,ignoring_inline_asm
../Src/ExtiDriver.c:904:6:EXTI2_IRQHandler	8	static,ignoring_inline_asm
../Src/ExtiDriver.c:918:6:EXTI3_IRQHandler	8	static,ignoring_inline_asm
../Src/ExtiDriver.c:932:6:EXTI4_IRQHandler	8	static,ignoring_inline_asm
../Src/ExtiDriver.c:947:6:EXTI9_5_IRQHandler	8	static,ignoring_inline_asm
../Src/ExtiDriver.c:986:6:EXTI15_10_IRQHandler	8	static,ignoring_inline_asm
