B:/Documentos/Universidad-Materias/Fundamentos de Robotica/Robotic/WorkSpaces/STM32Cube_FW_F4_V1.27.0/Drivers/CMSIS/Core/Include/core_cm4.h:1688:22:__NVIC_EnableIRQ	16	static
B:/Documentos/Universidad-Materias/Fundamentos de Robotica/Robotic/WorkSpaces/STM32Cube_FW_F4_V1.27.0/Drivers/CMSIS/Core/Include/core_cm4.h:1816:22:__NVIC_SetPriority	16	static
../Src/ExtiDriver.c:12:6:extInt_Config	24	static,ignoring_inline_asm
../Src/ExtiDriver.c:806:6:exti_Config_Int_Priority	16	static,ignoring_inline_asm
../Src/ExtiDriver.c:865:29:callback_extInt0	4	static,ignoring_inline_asm
../Src/ExtiDriver.c:869:29:callback_extInt1	4	static,ignoring_inline_asm
../Src/ExtiDriver.c:873:29:callback_extInt2	4	static,ignoring_inline_asm
../Src/ExtiDriver.c:877:29:callback_extInt3	4	static,ignoring_inline_asm
../Src/ExtiDriver.c:881:29:callback_extInt4	4	static,ignoring_inline_asm
../Src/ExtiDriver.c:885:29:callback_extInt5	4	static,ignoring_inline_asm
../Src/ExtiDriver.c:889:29:callback_extInt6	4	static,ignoring_inline_asm
../Src/ExtiDriver.c:893:29:callback_extInt7	4	static,ignoring_inline_asm
../Src/ExtiDriver.c:897:29:callback_extInt8	4	static,ignoring_inline_asm
../Src/ExtiDriver.c:901:29:callback_extInt9	4	static,ignoring_inline_asm
../Src/ExtiDriver.c:905:29:callback_extInt10	4	static,ignoring_inline_asm
../Src/ExtiDriver.c:909:29:callback_extInt11	4	static,ignoring_inline_asm
../Src/ExtiDriver.c:913:29:callback_extInt12	4	static,ignoring_inline_asm
../Src/ExtiDriver.c:917:29:callback_extInt13	4	static,ignoring_inline_asm
../Src/ExtiDriver.c:921:29:callback_extInt14	4	static,ignoring_inline_asm
../Src/ExtiDriver.c:925:29:callback_extInt15	4	static,ignoring_inline_asm
../Src/ExtiDriver.c:936:6:EXTI0_IRQHandler	8	static,ignoring_inline_asm
../Src/ExtiDriver.c:950:6:EXTI1_IRQHandler	8	static,ignoring_inline_asm
../Src/ExtiDriver.c:964:6:EXTI2_IRQHandler	8	static,ignoring_inline_asm
../Src/ExtiDriver.c:978:6:EXTI3_IRQHandler	8	static,ignoring_inline_asm
../Src/ExtiDriver.c:992:6:EXTI4_IRQHandler	8	static,ignoring_inline_asm
../Src/ExtiDriver.c:1007:6:EXTI9_5_IRQHandler	8	static,ignoring_inline_asm
../Src/ExtiDriver.c:1046:6:EXTI15_10_IRQHandler	8	static,ignoring_inline_asm
