B:/Documentos/Universidad-Materias/Fundamentos de Robotica/Robotic/WorkSpaces/STM32Cube_FW_F4_V1.27.0/Drivers/CMSIS/Core/Include/core_cm4.h:1688:22:__NVIC_EnableIRQ	16	static
B:/Documentos/Universidad-Materias/Fundamentos de Robotica/Robotic/WorkSpaces/STM32Cube_FW_F4_V1.27.0/Drivers/CMSIS/Core/Include/core_cm4.h:1816:22:__NVIC_SetPriority	16	static
../Src/USARTxDriver.c:30:6:USART_Config	24	static,ignoring_inline_asm
../Src/USARTxDriver.c:290:6:usart_Config_Init_Priority	16	static,ignoring_inline_asm
../Src/USARTxDriver.c:320:10:getValueBaudRate	48	static
../Src/USARTxDriver.c:333:6:writeChar	16	static,ignoring_inline_asm
../Src/USARTxDriver.c:346:6:writeMsg	24	static
../Src/USARTxDriver.c:359:6:writeCharForTXE	16	static,ignoring_inline_asm
../Src/USARTxDriver.c:377:6:writeMsgForTXE	16	static
../Src/USARTxDriver.c:396:9:getRxData	4	static
../Src/USARTxDriver.c:402:6:interruptionTX	16	static
../Src/USARTxDriver.c:418:28:BasicUSART1_Callback	4	static,ignoring_inline_asm
../Src/USARTxDriver.c:424:28:BasicUSART2_Callback	4	static,ignoring_inline_asm
../Src/USARTxDriver.c:430:28:BasicUSART6_Callback	4	static,ignoring_inline_asm
../Src/USARTxDriver.c:441:6:USART1_IRQHandler	8	static,ignoring_inline_asm
../Src/USARTxDriver.c:501:6:USART2_IRQHandler	8	static,ignoring_inline_asm
../Src/USARTxDriver.c:561:6:USART6_IRQHandler	8	static,ignoring_inline_asm
