../App/Src/main.c:149:5:main	64	static,ignoring_inline_asm
../App/Src/main.c:315:6:int_Hardware	16	static
../App/Src/main.c:625:6:int_MCO2	8	static
../App/Src/main.c:634:6:int_MPU	8	static
../App/Src/main.c:651:6:int_Config_Motor	4	static
../App/Src/main.c:708:6:BasicTimer2_Callback	8	static
../App/Src/main.c:715:6:BasicUSART1_Callback	8	static
../App/Src/main.c:725:6:BasicTimer3_Callback	16	static,ignoring_inline_asm
../App/Src/main.c:799:6:callback_extInt1	4	static
../App/Src/main.c:804:6:callback_extInt3	4	static
../App/Src/main.c:816:6:recepcionCommand	4	static
../App/Src/main.c:840:6:runCommand	120	static,ignoring_inline_asm
../App/Src/main.c:939:6:straight_line	16	static
../App/Src/main.c:974:6:turn_itself	16	static
../App/Src/main.c:1000:6:config_mode	24	static
../App/Src/main.c:1010:6:init_coordinates	4	static
../App/Src/main.c:1030:6:set_operation_square	168	static
../App/Src/main.c:1064:6:PID_simple	32	static
../App/Src/main.c:1077:6:correction	24	static,ignoring_inline_asm
../App/Src/main.c:1093:6:status_motor	16	static
../App/Src/main.c:1125:6:config_motor	24	static
