../App/Src/main.c:113:5:main	16	static,ignoring_inline_asm
../App/Src/main.c:154:6:int_Hardware	16	static
../App/Src/main.c:422:6:int_MCO2	8	static
../App/Src/main.c:432:6:int_Config_Motor	4	static
../App/Src/main.c:465:6:BasicTimer2_Callback	8	static
../App/Src/main.c:472:6:BasicTimer3_Callback	16	static
../App/Src/main.c:545:6:BasicUSART2_Callback	8	static
../App/Src/main.c:556:6:callback_extInt1	8	static
../App/Src/main.c:570:6:callback_extInt3	8	static
../App/Src/main.c:588:6:recepcionCommand	4	static
../App/Src/main.c:612:6:runCommand	192	static
../App/Src/main.c:874:6:status_study	16	static
../App/Src/main.c:910:6:change_study	8	static
