../App/Src/main.c:176:5:main	40	static,ignoring_inline_asm
../App/Src/main.c:290:6:int_Hardware	16	static
../App/Src/main.c:600:6:int_MCO2	8	static
../App/Src/main.c:609:6:int_MPU	8	static
../App/Src/main.c:626:6:int_Config_Motor	16	static
../App/Src/main.c:670:6:constains_calculator	64	static
../App/Src/main.c:692:6:BasicTimer2_Callback	8	static
../App/Src/main.c:699:6:BasicTimer3_Callback	48	static,ignoring_inline_asm
../App/Src/main.c:774:6:BasicUSART1_Callback	8	static
../App/Src/main.c:785:6:callback_extInt1	8	static
../App/Src/main.c:804:6:callback_extInt3	8	static
../App/Src/main.c:829:6:recepcionCommand	4	static
../App/Src/main.c:853:6:runCommand	112	static
../App/Src/main.c:997:6:PID	40	static
../App/Src/main.c:1014:6:PID_simple	32	static
../App/Src/main.c:1028:6:correction	24	static,ignoring_inline_asm
../App/Src/main.c:1065:6:status_motor	16	static
../App/Src/main.c:1102:6:config_motor	32	static
