../App/Src/main.c:168:5:main	40	static,ignoring_inline_asm
../App/Src/main.c:273:6:int_Hardware	16	static
../App/Src/main.c:583:6:int_MCO2	8	static
../App/Src/main.c:592:6:int_MPU	8	static
../App/Src/main.c:609:6:int_Config_Motor	16	static
../App/Src/main.c:652:6:constains_calculator	64	static
../App/Src/main.c:674:6:BasicTimer2_Callback	8	static
../App/Src/main.c:681:6:BasicTimer3_Callback	56	static,ignoring_inline_asm
../App/Src/main.c:754:6:BasicUSART2_Callback	8	static
../App/Src/main.c:765:6:callback_extInt1	8	static
../App/Src/main.c:784:6:callback_extInt3	8	static
../App/Src/main.c:809:6:recepcionCommand	4	static
../App/Src/main.c:833:6:runCommand	112	static
../App/Src/main.c:975:6:PID	40	static
../App/Src/main.c:991:6:correction	24	static,ignoring_inline_asm
../App/Src/main.c:1028:6:status_motor	16	static
../App/Src/main.c:1065:6:config_motor	32	static
