../App/Src/main.c:142:5:main	64	static,ignoring_inline_asm
../App/Src/main.c:270:6:int_Hardware	16	static
../App/Src/main.c:580:6:int_MCO2	8	static
../App/Src/main.c:589:6:int_MPU	8	static
../App/Src/main.c:606:6:int_Config_Motor	4	static
../App/Src/main.c:663:6:BasicTimer2_Callback	8	static
../App/Src/main.c:670:6:BasicUSART1_Callback	8	static
../App/Src/main.c:680:6:BasicTimer3_Callback	8	static,ignoring_inline_asm
../App/Src/main.c:726:6:callback_extInt1	4	static
../App/Src/main.c:731:6:callback_extInt3	4	static
../App/Src/main.c:743:6:recepcionCommand	4	static
../App/Src/main.c:767:6:runCommand	112	static
../App/Src/main.c:863:6:straight_line	16	static
../App/Src/main.c:895:6:turn_itself	16	static
../App/Src/main.c:922:6:config_mode	16	static
../App/Src/main.c:941:6:PID_simple	32	static
../App/Src/main.c:954:6:correction	24	static,ignoring_inline_asm
../App/Src/main.c:976:6:status_motor	16	static
../App/Src/main.c:1007:6:config_motor	24	static
