../App/Src/main.c:97:5:main	8	static,ignoring_inline_asm
../App/Src/main.c:133:6:int_Hardware	16	static
../App/Src/main.c:390:6:BasicTimer2_Callback	8	static
../App/Src/main.c:397:6:BasicTimer3_Callback	16	static
../App/Src/main.c:437:6:BasicUSART2_Callback	8	static
../App/Src/main.c:457:6:callback_extInt1	4	static
../App/Src/main.c:461:6:callback_extInt3	4	static
../App/Src/main.c:471:6:recepcionCommand	4	static
../App/Src/main.c:495:6:runCommand	176	static
../App/Src/main.c:721:6:status_study	16	static
../App/Src/main.c:747:6:change_dutty	72	static,ignoring_inline_asm
