../App/Src/main.c:89:5:main	8	static,ignoring_inline_asm
../App/Src/main.c:121:6:int_Hardware	16	static
../App/Src/main.c:377:6:BasicTimer2_Callback	8	static
../App/Src/main.c:384:6:BasicTimer3_Callback	16	static
../App/Src/main.c:424:6:BasicUSART2_Callback	8	static
../App/Src/main.c:435:6:callback_extInt1	4	static
../App/Src/main.c:439:6:callback_extInt3	4	static
../App/Src/main.c:449:6:recepcionCommand	4	static
../App/Src/main.c:473:6:runCommand	176	static
../App/Src/main.c:615:6:status_study	16	static
