../App/Src/task_handler.c:76:6:vTask_Print	24	static
../App/Src/task_handler.c:90:6:vTask_Commands	528	static
../App/Src/task_handler.c:108:6:vTask_Menu	56	static,ignoring_inline_asm
../App/Src/task_handler.c:185:6:vTask_Execute_Operation	64	static,ignoring_inline_asm
../App/Src/task_handler.c:242:6:vTask_Line	32	static
../App/Src/task_handler.c:265:6:vTask_Turn	40	static
../App/Src/task_handler.c:292:6:vTask_Square	1008	static
../App/Src/task_handler.c:320:6:vTask_Execute_AStar	1000	static,ignoring_inline_asm
../App/Src/task_handler.c:367:6:vTask_Separate_GripMap	544	static,ignoring_inline_asm
../App/Src/task_handler.c:408:6:vTask_Apply_Astar	13640	static,ignoring_inline_asm
../App/Src/task_handler.c:456:6:vTask_Stop	56	static
../App/Src/task_handler.c:499:6:vTask_Stop_Execute	72	static,ignoring_inline_asm
../App/Src/task_handler.c:569:6:vTask_Measure	48	static
../App/Src/task_handler.c:619:6:vTask_Line_PID	104	static
../App/Src/task_handler.c:672:6:led_state_callback	16	static
../App/Src/task_handler.c:684:6:process_stringsend	48	static,ignoring_inline_asm
../App/Src/task_handler.c:726:5:extract_stringsend	32	static
../App/Src/task_handler.c:757:6:set_operation_square	168	static
../App/Src/task_handler.c:783:6:set_operation_AStar	88	static
../App/Src/task_handler.c:820:6:set_operation_in_queue	56	static,ignoring_inline_asm
../App/Src/task_handler.c:843:6:straight_line	16	static
../App/Src/task_handler.c:877:6:turn_itself	16	static
../App/Src/task_handler.c:902:6:config_mode	24	static
../App/Src/task_handler.c:912:6:init_coordinates	4	static
../App/Src/task_handler.c:932:6:status_motor	24	static
../App/Src/task_handler.c:963:6:config_motor	32	static
../App/Src/task_handler.c:980:6:PID_simple	32	static
../App/Src/task_handler.c:993:6:correction	24	static,ignoring_inline_asm
../App/Src/task_handler.c:1013:9:Separate_parameters	56	static
../App/Src/task_handler.c:1143:6:send_path	72	static,ignoring_inline_asm
