../App/Src/task_handler.c:71:6:vTask_Print	24	static
../App/Src/task_handler.c:85:6:vTask_Commands	528	static
../App/Src/task_handler.c:103:6:vTask_Menu	56	static
../App/Src/task_handler.c:168:6:vTask_Execute_Operation	64	static
../App/Src/task_handler.c:223:6:vTask_Line	32	static
../App/Src/task_handler.c:246:6:vTask_Turn	40	static
../App/Src/task_handler.c:272:6:vTask_Square	1008	static
../App/Src/task_handler.c:300:6:vTask_Execute_AStar	1008	static
../App/Src/task_handler.c:351:6:vTask_Separate_GripMap	35768	static
../App/Src/task_handler.c:395:6:vTask_Apply_Astar	48	static
../App/Src/task_handler.c:443:6:vTask_Stop	56	static
../App/Src/task_handler.c:483:6:vTask_Stop_Execute	56	static,ignoring_inline_asm
../App/Src/task_handler.c:530:6:vTask_Measure	48	static,ignoring_inline_asm
../App/Src/task_handler.c:601:6:vTask_Line_PID	80	static
../App/Src/task_handler.c:658:6:led_state_callback	16	static
../App/Src/task_handler.c:670:6:process_stringsend	48	static,ignoring_inline_asm
../App/Src/task_handler.c:712:5:extract_stringsend	32	static
../App/Src/task_handler.c:743:6:set_operation_square	168	static
../App/Src/task_handler.c:766:6:set_operation_AStar	88	static
../App/Src/task_handler.c:803:6:set_operation_in_queue	24	static,ignoring_inline_asm
../App/Src/task_handler.c:824:6:straight_line	16	static
../App/Src/task_handler.c:858:6:turn_itself	16	static
../App/Src/task_handler.c:883:6:config_mode	24	static
../App/Src/task_handler.c:893:6:init_coordinates	4	static
../App/Src/task_handler.c:913:6:status_motor	16	static
../App/Src/task_handler.c:941:6:config_motor	32	static
../App/Src/task_handler.c:958:6:PID_simple	32	static
../App/Src/task_handler.c:971:6:correction	24	static,ignoring_inline_asm
../App/Src/task_handler.c:991:9:Separate_parameters	56	static
../App/Src/task_handler.c:1121:6:send_path	72	static
