../App/Src/task_handler.c:61:6:vTask_Print	24	static
../App/Src/task_handler.c:75:6:vTask_Commands	528	static
../App/Src/task_handler.c:93:6:vTask_Menu	56	static
../App/Src/task_handler.c:161:6:vTask_Line	32	static
../App/Src/task_handler.c:182:6:vTask_Turn	40	static
../App/Src/task_handler.c:206:6:vTask_Square	48	static
../App/Src/task_handler.c:229:6:vTask_Execute_AStar	32	static
../App/Src/task_handler.c:254:6:vTask_Stop	48	static
../App/Src/task_handler.c:286:6:vTask_Stop_Execute	56	static,ignoring_inline_asm
../App/Src/task_handler.c:330:6:vTask_Measure	48	static,ignoring_inline_asm
../App/Src/task_handler.c:401:6:vTask_Line_PID	80	static
../App/Src/task_handler.c:460:6:led_state_callback	16	static
../App/Src/task_handler.c:472:6:process_stringsend	48	static,ignoring_inline_asm
../App/Src/task_handler.c:509:5:extract_stringsend	32	static
../App/Src/task_handler.c:540:6:set_operation_square	168	static
../App/Src/task_handler.c:563:6:set_operation_AStar	88	static
../App/Src/task_handler.c:600:6:straight_line	16	static
../App/Src/task_handler.c:634:6:turn_itself	16	static
../App/Src/task_handler.c:659:6:config_mode	24	static
../App/Src/task_handler.c:669:6:init_coordinates	4	static
../App/Src/task_handler.c:689:6:status_motor	16	static
../App/Src/task_handler.c:718:6:config_motor	32	static
../App/Src/task_handler.c:735:6:PID_simple	32	static
../App/Src/task_handler.c:748:6:correction	24	static,ignoring_inline_asm
