../App/Src/main.c:160:5:main	40	static,ignoring_inline_asm
../App/Src/main.c:282:6:int_Hardware	16	static
../App/Src/main.c:592:6:int_MCO2	8	static
../App/Src/main.c:601:6:int_MPU	8	static
../App/Src/main.c:618:6:int_Config_Motor	16	static
../App/Src/main.c:662:6:constains_calculator	64	static
../App/Src/main.c:684:6:BasicTimer2_Callback	8	static
../App/Src/main.c:691:6:BasicUSART1_Callback	8	static
../App/Src/main.c:701:6:BasicTimer3_Callback	16	static
../App/Src/main.c:747:6:callback_extInt1	4	static
../App/Src/main.c:752:6:callback_extInt3	4	static
../App/Src/main.c:764:6:recepcionCommand	4	static
../App/Src/main.c:788:6:runCommand	112	static
../App/Src/main.c:860:6:straight_line	16	static
../App/Src/main.c:890:6:turn_itself	16	static
../App/Src/main.c:917:6:config_mode	8	static
../App/Src/main.c:941:6:PID	40	static
../App/Src/main.c:956:6:PID_simple	32	static
../App/Src/main.c:969:6:correction	24	static,ignoring_inline_asm
../App/Src/main.c:987:6:status_motor	16	static
../App/Src/main.c:1018:6:config_motor	24	static
