../App/Src/main.c:174:5:main	64	static,ignoring_inline_asm
../App/Src/main.c:363:6:int_Hardware	16	static
../App/Src/main.c:673:6:int_MCO2	8	static
../App/Src/main.c:682:6:int_MPU	8	static
../App/Src/main.c:699:6:int_Config_Motor	4	static
../App/Src/main.c:756:6:BasicTimer2_Callback	8	static
../App/Src/main.c:763:6:BasicUSART1_Callback	8	static
../App/Src/main.c:774:6:BasicTimer3_Callback	24	static,ignoring_inline_asm
../App/Src/main.c:844:6:callback_extInt1	4	static
../App/Src/main.c:849:6:callback_extInt3	4	static
../App/Src/main.c:861:6:recepcionCommand	4	static
../App/Src/main.c:885:6:runCommand	120	static
../App/Src/main.c:1002:6:recepcion_Sring_Parameter_Grid_Map	16	static,ignoring_inline_asm
../App/Src/main.c:1025:6:Separate_parameters	48	static
../App/Src/main.c:1129:6:send_path	64	static
../App/Src/main.c:1178:6:straight_line	16	static
../App/Src/main.c:1213:6:turn_itself	16	static
../App/Src/main.c:1243:6:config_mode	24	static
../App/Src/main.c:1253:6:init_coordinates	4	static
../App/Src/main.c:1273:6:set_operation_square	168	static
../App/Src/main.c:1296:6:set_operation_AStar	88	static
../App/Src/main.c:1337:6:PID_simple	32	static
../App/Src/main.c:1350:6:correction	24	static,ignoring_inline_asm
../App/Src/main.c:1366:6:status_motor	16	static
../App/Src/main.c:1397:6:config_motor	24	static
