10:15:34 **** Build of configuration Debug for project A_Semaphore_FreeRTOS ****
make -j4 all 
arm-none-eabi-gcc "../Src/main.c" -mcpu=cortex-m4 -std=gnu11 -g3 -DDEBUG -DNUCLEO_F411RE -DSTM32 -DSTM32F4 -DSTM32F411RETx -DSTM32F411xE -c -I"B:/Documentos/Universidad-Materias/Fundamentos de Robotica/Robotic/WorkSpaces/A_Semaphore_FreeRTOS/ThirdParty/FreeRTOS/include" -I"B:/Documentos/Universidad-Materias/Fundamentos de Robotica/Robotic/WorkSpaces/A_Semaphore_FreeRTOS/ThirdParty/FreeRTOS/portable/GCC/ARM_CM4F" -I"B:/Documentos/Universidad-Materias/Fundamentos de Robotica/Robotic/WorkSpaces/A_Semaphore_FreeRTOS/Inc" -I"B:/Documentos/Universidad-Materias/Fundamentos de Robotica/Robotic/WorkSpaces/A_Semaphore_FreeRTOS/ThirdParty/SEGGER/Config" -I"B:/Documentos/Universidad-Materias/Fundamentos de Robotica/Robotic/WorkSpaces/A_Semaphore_FreeRTOS/ThirdParty/SEGGER/OS" -I"B:/Documentos/Universidad-Materias/Fundamentos de Robotica/Robotic/WorkSpaces/A_Semaphore_FreeRTOS/ThirdParty/SEGGER/SEGGER" -I"B:/Documentos/Universidad-Materias/Fundamentos de Robotica/Robotic/WorkSpaces/STM32Cube_FW_F4_V1.27.0/Drivers/CMSIS/Core/Include" -I"B:/Documentos/Universidad-Materias/Fundamentos de Robotica/Robotic/WorkSpaces/STM32Cube_FW_F4_V1.27.0/Drivers/CMSIS/Device/ST/STM32F4xx/Include" -I"B:/Documentos/Universidad-Materias/Fundamentos de Robotica/Robotic/WorkSpaces/PeripheralDrivers/Inc" -O0 -ffunction-sections -fdata-sections -Wall -fstack-usage -MMD -MP -MF"Src/main.d" -MT"Src/main.o" --specs=nano.specs -mfpu=fpv4-sp-d16 -mfloat-abi=hard -mthumb -o "Src/main.o"
arm-none-eabi-gcc -o "A_Semaphore_FreeRTOS.elf" @"objects.list"  -lPeripheralDrivers -mcpu=cortex-m4 -T"B:\Documentos\Universidad-Materias\Fundamentos de Robotica\Robotic\WorkSpaces\A_Semaphore_FreeRTOS\STM32F411RETX_FLASH.ld" --specs=nosys.specs -Wl,-Map="A_Semaphore_FreeRTOS.map" -Wl,--gc-sections -static -L"B:\Documentos\Universidad-Materias\Fundamentos de Robotica\Robotic\WorkSpaces/PeripheralDrivers/Debug" --specs=nano.specs -mfpu=fpv4-sp-d16 -mfloat-abi=hard -mthumb -Wl,--start-group -lc -lm -Wl,--end-group
Finished building target: A_Semaphore_FreeRTOS.elf
 
arm-none-eabi-size   A_Semaphore_FreeRTOS.elf 
arm-none-eabi-objdump -h -S  A_Semaphore_FreeRTOS.elf  > "A_Semaphore_FreeRTOS.list"
   text	   data	    bss	    dec	    hex	filename
  28772	    124	  81092	 109988	  1ada4	A_Semaphore_FreeRTOS.elf
Finished building: default.size.stdout
 
Finished building: A_Semaphore_FreeRTOS.list
 

10:15:45 Build Finished. 0 errors, 0 warnings. (took 11s.490ms)

