11:22:34 **** Build of configuration Debug for project Control_Robot_v3.6_Control_Jaco ****
make -j4 all 
arm-none-eabi-gcc -o "Control_Robot_v3.6_Control_Jaco.elf" @"objects.list"  -lPeripheralDrivers -mcpu=cortex-m4 -T"B:\Documentos\Universidad-Materias\Fundamentos de Robotica\Robotic\WorkSpaces\Control_Robot_v3.6_Control_Jaco\STM32F411RETX_FLASH.ld" --specs=nosys.specs -Wl,-Map="Control_Robot_v3.6_Control_Jaco.map" -Wl,--gc-sections -static -L"B:\Documentos\Universidad-Materias\Fundamentos de Robotica\Robotic\WorkSpaces/PeripheralDrivers/Debug" --specs=nano.specs -mfpu=fpv4-sp-d16 -mfloat-abi=hard -mthumb -u _printf_float -u _scanf_float -Wl,--start-group -lc -lm -Wl,--end-group
Finished building target: Control_Robot_v3.6_Control_Jaco.elf
 
arm-none-eabi-size   Control_Robot_v3.6_Control_Jaco.elf 
arm-none-eabi-objdump -h -S  Control_Robot_v3.6_Control_Jaco.elf  > "Control_Robot_v3.6_Control_Jaco.list"
   text	   data	    bss	    dec	    hex	filename
  52044	    504	   4448	  56996	   dea4	Control_Robot_v3.6_Control_Jaco.elf
Finished building: default.size.stdout
 
Finished building: Control_Robot_v3.6_Control_Jaco.list
 

11:22:34 Build Finished. 0 errors, 0 warnings. (took 718ms)

