16:21:33 **** Incremental Build of configuration Debug for project Control_Robot_v5_Operation ****
make -j4 all 
arm-none-eabi-gcc -o "Control_Robot_v5_Operation.elf" @"objects.list"  -lPeripheralDrivers -mcpu=cortex-m4 -T"B:\Documentos\Universidad-Materias\Fundamentos de Robotica\Robotic\WorkSpaces\Control_Robot_v5_Operation\STM32F411RETX_FLASH.ld" --specs=nosys.specs -Wl,-Map="Control_Robot_v5_Operation.map" -Wl,--gc-sections -static -L"B:\Documentos\Universidad-Materias\Fundamentos de Robotica\Robotic\WorkSpaces/PeripheralDrivers/Debug" --specs=nano.specs -mfpu=fpv4-sp-d16 -mfloat-abi=hard -mthumb -u _printf_float -u _scanf_float -Wl,--start-group -lc -lm -Wl,--end-group
Finished building target: Control_Robot_v5_Operation.elf
 
arm-none-eabi-size   Control_Robot_v5_Operation.elf 
arm-none-eabi-objdump -h -S  Control_Robot_v5_Operation.elf  > "Control_Robot_v5_Operation.list"
   text	   data	    bss	    dec	    hex	filename
  61364	    488	   5552	  67404	  1074c	Control_Robot_v5_Operation.elf
Finished building: default.size.stdout
 
Finished building: Control_Robot_v5_Operation.list
 

16:21:34 Build Finished. 0 errors, 0 warnings. (took 755ms)

