18:22:01 **** Build of configuration Debug for project Ejemplo_Led_2 ****
make -j4 all 
arm-none-eabi-gcc -o "Ejemplo_Led_2.elf" @"objects.list"  -lPeripheralDrivers -mcpu=cortex-m4 -T"B:\Documentos\Universidad-Materias\Fundamentos de Robotica\Robotic\WorkSpaces\Ejemplo_Led_2\STM32F411RETX_FLASH.ld" --specs=nosys.specs -Wl,-Map="Ejemplo_Led_2.map" -Wl,--gc-sections -static -L"B:\Documentos\Universidad-Materias\Fundamentos de Robotica\Robotic\WorkSpaces/PeripheralDrivers/Debug" --specs=nano.specs -mfpu=fpv4-sp-d16 -mfloat-abi=hard -mthumb -Wl,--start-group -lc -lm -Wl,--end-group
Finished building target: Ejemplo_Led_2.elf
 
arm-none-eabi-size   Ejemplo_Led_2.elf 
arm-none-eabi-objdump -h -S  Ejemplo_Led_2.elf  > "Ejemplo_Led_2.list"
   text	   data	    bss	    dec	    hex	filename
  29976	     28	  84604	 114608	  1bfb0	Ejemplo_Led_2.elf
Finished building: default.size.stdout
 
Finished building: Ejemplo_Led_2.list
 

18:22:03 Build Finished. 0 errors, 0 warnings. (took 1s.806ms)

