11:23:20 **** Incremental Build of configuration Debug for project Ejemplo_Led ****
make -j4 all 
arm-none-eabi-gcc "../Src/main.c" -mcpu=cortex-m4 -std=gnu11 -g3 -DDEBUG -DNUCLEO_F411RE -DSTM32 -DSTM32F4 -DSTM32F411RETx -DSTM32F411xE -c -I"B:/Documentos/Universidad-Materias/Fundamentos de Robotica/Robotic/WorkSpaces/Ejemplo_Led/ThirdParty/FreeRTOS/include" -I"B:/Documentos/Universidad-Materias/Fundamentos de Robotica/Robotic/WorkSpaces/Ejemplo_Led/ThirdParty/FreeRTOS/portable/GCC/ARM_CM4F" -I"B:/Documentos/Universidad-Materias/Fundamentos de Robotica/Robotic/WorkSpaces/Ejemplo_Led/Inc" -I"B:/Documentos/Universidad-Materias/Fundamentos de Robotica/Robotic/WorkSpaces/Ejemplo_Led/ThirdParty/SEGGER/Config" -I"B:/Documentos/Universidad-Materias/Fundamentos de Robotica/Robotic/WorkSpaces/Ejemplo_Led/ThirdParty/SEGGER/OS" -I"B:/Documentos/Universidad-Materias/Fundamentos de Robotica/Robotic/WorkSpaces/Ejemplo_Led/ThirdParty/SEGGER/SEGGER" -I"B:/Documentos/Universidad-Materias/Fundamentos de Robotica/Robotic/WorkSpaces/STM32Cube_FW_F4_V1.27.0/Drivers/CMSIS/Core/Include" -I"B:/Documentos/Universidad-Materias/Fundamentos de Robotica/Robotic/WorkSpaces/STM32Cube_FW_F4_V1.27.0/Drivers/CMSIS/Device/ST/STM32F4xx/Include" -I"B:/Documentos/Universidad-Materias/Fundamentos de Robotica/Robotic/WorkSpaces/PeripheralDrivers/Inc" -O0 -ffunction-sections -fdata-sections -Wall -fstack-usage -MMD -MP -MF"Src/main.d" -MT"Src/main.o" --specs=nano.specs -mfpu=fpv4-sp-d16 -mfloat-abi=hard -mthumb -o "Src/main.o"
arm-none-eabi-gcc -o "Ejemplo_Led.elf" @"objects.list"  -lPeripheralDrivers -mcpu=cortex-m4 -T"B:\Documentos\Universidad-Materias\Fundamentos de Robotica\Robotic\WorkSpaces\Ejemplo_Led\STM32F411RETX_FLASH.ld" --specs=nosys.specs -Wl,-Map="Ejemplo_Led.map" -Wl,--gc-sections -static -L"B:\Documentos\Universidad-Materias\Fundamentos de Robotica\Robotic\WorkSpaces/PeripheralDrivers/Debug" --specs=nano.specs -mfpu=fpv4-sp-d16 -mfloat-abi=hard -mthumb -Wl,--start-group -lc -lm -Wl,--end-group
Finished building target: Ejemplo_Led.elf
 
arm-none-eabi-size   Ejemplo_Led.elf 
arm-none-eabi-objdump -h -S  Ejemplo_Led.elf  > "Ejemplo_Led.list"
   text	   data	    bss	    dec	    hex	filename
  22780	     28	  84588	 107396	  1a384	Ejemplo_Led.elf
Finished building: default.size.stdout
 
Finished building: Ejemplo_Led.list
 

11:23:22 Build Finished. 0 errors, 0 warnings. (took 1s.295ms)

