17:34:57 **** Incremental Build of configuration Debug for project Control_Robot_FreeRTOS_v1 ****
make -j4 all 
arm-none-eabi-gcc "../App/Src/main.c" -mcpu=cortex-m4 -std=gnu11 -g3 -DDEBUG -DNUCLEO_F411RE -DSTM32 -DSTM32F4 -DSTM32F411RETx -DSTM32F411xE -c -I"B:/Documentos/Universidad-Materias/Fundamentos de Robotica/Robotic/WorkSpaces/Control_Robot_FreeRTOS_v1/ThirdParty/FreeRTOS/include" -I"B:/Documentos/Universidad-Materias/Fundamentos de Robotica/Robotic/WorkSpaces/Control_Robot_FreeRTOS_v1/ThirdParty/FreeRTOS/portable/GCC/ARM_CM4F" -I"B:/Documentos/Universidad-Materias/Fundamentos de Robotica/Robotic/WorkSpaces/PeripheralDrivers/Inc" -I"B:/Documentos/Universidad-Materias/Fundamentos de Robotica/Robotic/WorkSpaces/Control_Robot_FreeRTOS_v1/App/Inc" -I"B:/Documentos/Universidad-Materias/Fundamentos de Robotica/Robotic/WorkSpaces/Control_Robot_FreeRTOS_v1/Core/Include" -I"B:/Documentos/Universidad-Materias/Fundamentos de Robotica/Robotic/WorkSpaces/Control_Robot_FreeRTOS_v1/Core/Device/ST/STM32F4xx/Include" -I"B:/Documentos/Universidad-Materias/Fundamentos de Robotica/Robotic/WorkSpaces/Control_Robot_FreeRTOS_v1/DSP/Include" -O0 -ffunction-sections -fdata-sections -Wall -fstack-usage -MMD -MP -MF"App/Src/main.d" -MT"App/Src/main.o" --specs=nano.specs -mfpu=fpv4-sp-d16 -mfloat-abi=hard -mthumb -o "App/Src/main.o"
arm-none-eabi-gcc "../App/Src/task_handler.c" -mcpu=cortex-m4 -std=gnu11 -g3 -DDEBUG -DNUCLEO_F411RE -DSTM32 -DSTM32F4 -DSTM32F411RETx -DSTM32F411xE -c -I"B:/Documentos/Universidad-Materias/Fundamentos de Robotica/Robotic/WorkSpaces/Control_Robot_FreeRTOS_v1/ThirdParty/FreeRTOS/include" -I"B:/Documentos/Universidad-Materias/Fundamentos de Robotica/Robotic/WorkSpaces/Control_Robot_FreeRTOS_v1/ThirdParty/FreeRTOS/portable/GCC/ARM_CM4F" -I"B:/Documentos/Universidad-Materias/Fundamentos de Robotica/Robotic/WorkSpaces/PeripheralDrivers/Inc" -I"B:/Documentos/Universidad-Materias/Fundamentos de Robotica/Robotic/WorkSpaces/Control_Robot_FreeRTOS_v1/App/Inc" -I"B:/Documentos/Universidad-Materias/Fundamentos de Robotica/Robotic/WorkSpaces/Control_Robot_FreeRTOS_v1/Core/Include" -I"B:/Documentos/Universidad-Materias/Fundamentos de Robotica/Robotic/WorkSpaces/Control_Robot_FreeRTOS_v1/Core/Device/ST/STM32F4xx/Include" -I"B:/Documentos/Universidad-Materias/Fundamentos de Robotica/Robotic/WorkSpaces/Control_Robot_FreeRTOS_v1/DSP/Include" -O0 -ffunction-sections -fdata-sections -Wall -fstack-usage -MMD -MP -MF"App/Src/task_handler.d" -MT"App/Src/task_handler.o" --specs=nano.specs -mfpu=fpv4-sp-d16 -mfloat-abi=hard -mthumb -o "App/Src/task_handler.o"
arm-none-eabi-gcc -o "Control_Robot_FreeRTOS_v1.elf" @"objects.list"  -lPeripheralDrivers -mcpu=cortex-m4 -T"B:\Documentos\Universidad-Materias\Fundamentos de Robotica\Robotic\WorkSpaces\Control_Robot_FreeRTOS_v1\STM32F411RETX_FLASH.ld" --specs=nosys.specs -Wl,-Map="Control_Robot_FreeRTOS_v1.map" -Wl,--gc-sections -static -L"B:\Documentos\Universidad-Materias\Fundamentos de Robotica\Robotic\WorkSpaces/PeripheralDrivers/Debug" --specs=nano.specs -mfpu=fpv4-sp-d16 -mfloat-abi=hard -mthumb -u _printf_float -u _scanf_float -Wl,--start-group -lc -lm -Wl,--end-group
Finished building target: Control_Robot_FreeRTOS_v1.elf
 
arm-none-eabi-size   Control_Robot_FreeRTOS_v1.elf 
arm-none-eabi-objdump -h -S  Control_Robot_FreeRTOS_v1.elf  > "Control_Robot_FreeRTOS_v1.list"
   text	   data	    bss	    dec	    hex	filename
  84332	    540	 116968	 201840	  31470	Control_Robot_FreeRTOS_v1.elf
Finished building: default.size.stdout
 
Finished building: Control_Robot_FreeRTOS_v1.list
 
