16:41:32 **** Incremental Build of configuration Debug for project Prog_A_Start_Base ****
make -j4 all 
arm-none-eabi-gcc "../App/Src/main.c" -mcpu=cortex-m4 -std=gnu11 -g3 -DDEBUG -DNUCLEO_F411RE -DSTM32 -DSTM32F4 -DSTM32F411RETx -DSTM32F411xE -c -I"B:/Documentos/Universidad-Materias/Fundamentos de Robotica/Robotic/WorkSpaces/Prog_A_Start_Base/App/Inc" -I"B:/Documentos/Universidad-Materias/Fundamentos de Robotica/Robotic/WorkSpaces/Prog_A_Start_Base/Core/Include" -I"B:/Documentos/Universidad-Materias/Fundamentos de Robotica/Robotic/WorkSpaces/Prog_A_Start_Base/Core/Device/ST/STM32F4xx/Include" -I"B:/Documentos/Universidad-Materias/Fundamentos de Robotica/Robotic/WorkSpaces/Prog_A_Start_Base/DSP/Include" -I"B:/Documentos/Universidad-Materias/Fundamentos de Robotica/Robotic/WorkSpaces/PeripheralDrivers/Inc" -O0 -ffunction-sections -fdata-sections -Wall -fstack-usage -MMD -MP -MF"App/Src/main.d" -MT"App/Src/main.o" --specs=nano.specs -mfpu=fpv4-sp-d16 -mfloat-abi=hard -mthumb -o "App/Src/main.o"
arm-none-eabi-gcc -o "Prog_A_Start_Base.elf" @"objects.list"  -lPeripheralDrivers -mcpu=cortex-m4 -T"B:\Documentos\Universidad-Materias\Fundamentos de Robotica\Robotic\WorkSpaces\Prog_A_Start_Base\STM32F411RETX_FLASH.ld" --specs=nosys.specs -Wl,-Map="Prog_A_Start_Base.map" -Wl,--gc-sections -static -L"B:\Documentos\Universidad-Materias\Fundamentos de Robotica\Robotic\WorkSpaces/PeripheralDrivers/Debug" --specs=nano.specs -mfpu=fpv4-sp-d16 -mfloat-abi=hard -mthumb -u _printf_float -u _scanf_float -Wl,--start-group -lc -lm -Wl,--end-group
Finished building target: Prog_A_Start_Base.elf
 
arm-none-eabi-size   Prog_A_Start_Base.elf 
arm-none-eabi-objdump -h -S  Prog_A_Start_Base.elf  > "Prog_A_Start_Base.list"
   text	   data	    bss	    dec	    hex	filename
  36776	    496	   4336	  41608	   a288	Prog_A_Start_Base.elf
Finished building: default.size.stdout
 
Finished building: Prog_A_Start_Base.list
 

16:41:33 Build Finished. 0 errors, 0 warnings. (took 1s.18ms)

