18:31:03 **** Incremental Build of configuration Debug for project Prueba_Giroscopio_ADXL345 ****
make -j4 all 
arm-none-eabi-gcc -o "Prueba_Giroscopio_ADXL345.elf" @"objects.list"  -lPeripheralDrivers -mcpu=cortex-m4 -T"B:\Documentos\Universidad-Materias\Fundamentos de Robotica\Robotic\WorkSpaces\Prueba_Giroscopio_ADXL345\STM32F411RETX_FLASH.ld" --specs=nosys.specs -Wl,-Map="Prueba_Giroscopio_ADXL345.map" -Wl,--gc-sections -static -L"B:\Documentos\Universidad-Materias\Fundamentos de Robotica\Robotic\WorkSpaces/PeripheralDrivers/Debug" --specs=nano.specs -mfpu=fpv4-sp-d16 -mfloat-abi=hard -mthumb -u _printf_float -u _scanf_float -Wl,--start-group -lc -lm -Wl,--end-group
Finished building target: Prueba_Giroscopio_ADXL345.elf
 
arm-none-eabi-size   Prueba_Giroscopio_ADXL345.elf 
arm-none-eabi-objdump -h -S  Prueba_Giroscopio_ADXL345.elf  > "Prueba_Giroscopio_ADXL345.list"
   text	   data	    bss	    dec	    hex	filename
  31492	    476	   3928	  35896	   8c38	Prueba_Giroscopio_ADXL345.elf
Finished building: default.size.stdout
 
Finished building: Prueba_Giroscopio_ADXL345.list
 

18:31:04 Build Finished. 0 errors, 0 warnings. (took 1s.2ms)

