18:22:12 **** Build of configuration Debug for project Prueba_Comandos ****
make -j4 all 
arm-none-eabi-gcc "../App/Src/main.c" -mcpu=cortex-m4 -std=gnu11 -g3 -DDEBUG -DNUCLEO_F411RE -DSTM32 -DSTM32F4 -DSTM32F411RETx -DSTM32F411xE -c -I"B:/Documentos/Universidad-Materias/Fundamentos de Robotica/Robotic/WorkSpaces/Prueba_Comandos/App/Inc" -I"B:/Documentos/Universidad-Materias/Fundamentos de Robotica/Robotic/WorkSpaces/Prueba_Comandos/Core/Include" -I"B:/Documentos/Universidad-Materias/Fundamentos de Robotica/Robotic/WorkSpaces/Prueba_Comandos/Core/Device/ST/STM32F4xx/Include" -I"B:/Documentos/Universidad-Materias/Fundamentos de Robotica/Robotic/WorkSpaces/Prueba_Comandos/DSP/Include" -I"B:/Documentos/Universidad-Materias/Fundamentos de Robotica/Robotic/WorkSpaces/PeripheralDrivers/Inc" -O0 -ffunction-sections -fdata-sections -Wall -fstack-usage -MMD -MP -MF"App/Src/main.d" -MT"App/Src/main.o" --specs=nano.specs -mfpu=fpv4-sp-d16 -mfloat-abi=hard -mthumb -o "App/Src/main.o"
arm-none-eabi-gcc -o "Prueba_Comandos.elf" @"objects.list"  -lPeripheralDrivers -mcpu=cortex-m4 -T"B:\Documentos\Universidad-Materias\Fundamentos de Robotica\Robotic\WorkSpaces\Prueba_Comandos\STM32F411RETX_FLASH.ld" --specs=nosys.specs -Wl,-Map="Prueba_Comandos.map" -Wl,--gc-sections -static -L"B:\Documentos\Universidad-Materias\Fundamentos de Robotica\Robotic\WorkSpaces/PeripheralDrivers/Debug" --specs=nano.specs -mfpu=fpv4-sp-d16 -mfloat-abi=hard -mthumb -u _printf_float -u _scanf_float -Wl,--start-group -lc -lm -Wl,--end-group
Finished building target: Prueba_Comandos.elf
 
arm-none-eabi-size   Prueba_Comandos.elf 
arm-none-eabi-objdump -h -S  Prueba_Comandos.elf  > "Prueba_Comandos.list"
   text	   data	    bss	    dec	    hex	filename
  33512	    480	   3896	  37888	   9400	Prueba_Comandos.elf
Finished building: default.size.stdout
 
Finished building: Prueba_Comandos.list
 

18:22:15 Build Finished. 0 errors, 0 warnings. (took 2s.157ms)

