18:31:02 **** Build of configuration Debug for project Prueba_Giroscopio ****
make -j4 all 
arm-none-eabi-gcc -o "Prueba_Giroscopio.elf" @"objects.list"  -lPeripheralDrivers -mcpu=cortex-m4 -T"B:\Documentos\Universidad-Materias\Fundamentos de Robotica\Robotic\WorkSpaces\Prueba_Giroscopio\STM32F411RETX_FLASH.ld" --specs=nosys.specs -Wl,-Map="Prueba_Giroscopio.map" -Wl,--gc-sections -static -L"B:\Documentos\Universidad-Materias\Fundamentos de Robotica\Robotic\WorkSpaces/PeripheralDrivers/Debug" --specs=nano.specs -mfpu=fpv4-sp-d16 -mfloat-abi=hard -mthumb -u _printf_float -u _scanf_float -Wl,--start-group -lc -lm -Wl,--end-group
Finished building target: Prueba_Giroscopio.elf
 
arm-none-eabi-size   Prueba_Giroscopio.elf 
arm-none-eabi-objdump -h -S  Prueba_Giroscopio.elf  > "Prueba_Giroscopio.list"
   text	   data	    bss	    dec	    hex	filename
  33052	    476	   3952	  37480	   9268	Prueba_Giroscopio.elf
Finished building: default.size.stdout
 
Finished building: Prueba_Giroscopio.list
 

18:31:03 Build Finished. 0 errors, 0 warnings. (took 855ms)

