18:22:21 **** Build of configuration Debug for project Test_PWM_Encoder ****
make -j4 all 
arm-none-eabi-gcc "../App/Src/main.c" -mcpu=cortex-m4 -std=gnu11 -g3 -DDEBUG -DNUCLEO_F411RE -DSTM32 -DSTM32F4 -DSTM32F411RETx -DSTM32F411xE -c -I"B:/Documentos/Universidad-Materias/Fundamentos de Robotica/Robotic/WorkSpaces/Test_PWM_Encoder/App/Inc" -I"B:/Documentos/Universidad-Materias/Fundamentos de Robotica/Robotic/WorkSpaces/Test_PWM_Encoder/Core/Include" -I"B:/Documentos/Universidad-Materias/Fundamentos de Robotica/Robotic/WorkSpaces/Test_PWM_Encoder/Core/Device/ST/STM32F4xx/Include" -I"B:/Documentos/Universidad-Materias/Fundamentos de Robotica/Robotic/WorkSpaces/Test_PWM_Encoder/DSP/Include" -I"B:/Documentos/Universidad-Materias/Fundamentos de Robotica/Robotic/WorkSpaces/PeripheralDrivers/Inc" -O0 -ffunction-sections -fdata-sections -Wall -fstack-usage -MMD -MP -MF"App/Src/main.d" -MT"App/Src/main.o" --specs=nano.specs -mfpu=fpv4-sp-d16 -mfloat-abi=hard -mthumb -o "App/Src/main.o"
arm-none-eabi-gcc -o "Test_PWM_Encoder.elf" @"objects.list"  -lPeripheralDrivers -mcpu=cortex-m4 -T"B:\Documentos\Universidad-Materias\Fundamentos de Robotica\Robotic\WorkSpaces\Test_PWM_Encoder\STM32F411RETX_FLASH.ld" --specs=nosys.specs -Wl,-Map="Test_PWM_Encoder.map" -Wl,--gc-sections -static -L"B:\Documentos\Universidad-Materias\Fundamentos de Robotica\Robotic\WorkSpaces/PeripheralDrivers/Debug" --specs=nano.specs -mfpu=fpv4-sp-d16 -mfloat-abi=hard -mthumb -u _printf_float -u _scanf_float -Wl,--start-group -lc -lm -Wl,--end-group
Finished building target: Test_PWM_Encoder.elf
 
arm-none-eabi-size   Test_PWM_Encoder.elf 
arm-none-eabi-objdump -h -S  Test_PWM_Encoder.elf  > "Test_PWM_Encoder.list"
   text	   data	    bss	    dec	    hex	filename
  41632	    496	   4176	  46304	   b4e0	Test_PWM_Encoder.elf
Finished building: default.size.stdout
 
Finished building: Test_PWM_Encoder.list
 

18:22:23 Build Finished. 0 errors, 0 warnings. (took 1s.964ms)

